Archive member included to satisfy reference by file (symbol)

/opt/devkitpro/libnds/lib/libmm9.a(mm_main9.o)
                              main.o (mmInit)
/opt/devkitpro/libnds/lib/libmm9.a(mm_stream.o)
                              main.o (mmStreamOpen)
/opt/devkitpro/libnds/lib/libmm9.a(mm_soundbank.o)
                              /opt/devkitpro/libnds/lib/libmm9.a(mm_main9.o) (mmSoundBankInMemory)
/opt/devkitpro/libnds/lib/libmm9.a(mm_comms.o)
                              /opt/devkitpro/libnds/lib/libmm9.a(mm_main9.o) (mmSetupComms)
/opt/devkitpro/libnds/lib/libnds9.a(background.o)
                              main.o (bgControl)
/opt/devkitpro/libnds/lib/libnds9.a(trig.o)
                              /opt/devkitpro/libnds/lib/libnds9.a(background.o) (sinLerp)
/opt/devkitpro/libnds/lib/libnds9.a(touch.o)
                              main.o (touchRead)
/opt/devkitpro/libnds/lib/libnds9.a(console.o)
                              main.o (consoleSetFont)
/opt/devkitpro/libnds/lib/libnds9.a(gl2d.o)
                              main.o (glScreen2D)
/opt/devkitpro/libnds/lib/libnds9.a(videoGL.o)
                              /opt/devkitpro/libnds/lib/libnds9.a(gl2d.o) (glMaterialf)
/opt/devkitpro/libnds/lib/libnds9.a(keys.o)
                              main.o (scanKeys)
/opt/devkitpro/libnds/lib/libnds9.a(initSystem.o)
                              /opt/devkitpro/devkitARM/bin/../lib/gcc/arm-none-eabi/13.2.0/../../../../arm-none-eabi/lib/thumb/ds_arm9_crt0.o (initSystem)
/opt/devkitpro/libnds/lib/libnds9.a(securearea.o)
                              /opt/devkitpro/devkitARM/bin/../lib/gcc/arm-none-eabi/13.2.0/../../../../arm-none-eabi/lib/thumb/ds_arm9_crt0.o (__secure_area__)
/opt/devkitpro/libnds/lib/libnds9.a(interrupts.o)
                              /opt/devkitpro/libnds/lib/libmm9.a(mm_stream.o) (irqSet)
/opt/devkitpro/libnds/lib/libnds9.a(libnds_exit.arm.o)
                              /opt/devkitpro/devkitARM/bin/../lib/gcc/arm-none-eabi/13.2.0/../../../../arm-none-eabi/lib/thumb/ds_arm9_crt0.o (__libnds_exit)
/opt/devkitpro/libnds/lib/libnds9.a(fifosystem.o)
                              /opt/devkitpro/libnds/lib/libmm9.a(mm_comms.o) (fifoSetValue32Handler)
/opt/devkitpro/libnds/lib/libnds9.a(mpu_setup.o)
                              /opt/devkitpro/devkitARM/bin/../lib/gcc/arm-none-eabi/13.2.0/../../../../arm-none-eabi/lib/thumb/ds_arm9_crt0.o (__libnds_mpu_setup)
/opt/devkitpro/libnds/lib/libnds9.a(IntrWait.o)
                              main.o (swiWaitForVBlank)
/opt/devkitpro/libnds/lib/libnds9.a(cpu_clock.o)
                              /opt/devkitpro/libnds/lib/libnds9.a(initSystem.o) (setCpuClock)
/opt/devkitpro/libnds/lib/libnds9.a(interruptDispatcher.o)
                              /opt/devkitpro/libnds/lib/libnds9.a(interrupts.o) (IntrMain)
/opt/devkitpro/libnds/lib/libnds9.a(biosCalls.o)
                              /opt/devkitpro/libnds/lib/libnds9.a(videoGL.o) (swiCopy)
/opt/devkitpro/libnds/lib/libnds9.a(debugprint.o)
                              /opt/devkitpro/libnds/lib/libnds9.a(console.o) (nocashWrite)
/opt/devkitpro/libnds/lib/libnds9.a(swiSoftReset.o)
                              /opt/devkitpro/libnds/lib/libnds9.a(fifosystem.o) (swiSoftReset)
/opt/devkitpro/libnds/lib/libnds9.a(default_font.bin.o)
                              /opt/devkitpro/libnds/lib/libnds9.a(console.o) (default_font_bin)
/opt/devkitpro/libnds/lib/libnds9.a(dynamicArray.o)
                              /opt/devkitpro/libnds/lib/libnds9.a(videoGL.o) (DynamicArrayInit)
/opt/devkitpro/libnds/lib/libnds9.a(video.o)
                              /opt/devkitpro/libnds/lib/libnds9.a(videoGL.o) (vramSetBanks_EFG)
/opt/devkitpro/libnds/lib/libnds9.a(system.o)
                              /opt/devkitpro/libnds/lib/libnds9.a(initSystem.o) (systemValueHandler)
/opt/devkitpro/devkitARM/bin/../lib/gcc/arm-none-eabi/13.2.0/../../../../arm-none-eabi/lib/thumb/libstdc++.a(new_op.o)
                              main.o (operator new(unsigned int))
/opt/devkitpro/devkitARM/bin/../lib/gcc/arm-none-eabi/13.2.0/../../../../arm-none-eabi/lib/thumb/libstdc++.a(bad_alloc.o)
                              /opt/devkitpro/devkitARM/bin/../lib/gcc/arm-none-eabi/13.2.0/../../../../arm-none-eabi/lib/thumb/libstdc++.a(new_op.o) (vtable for std::bad_alloc)
/opt/devkitpro/devkitARM/bin/../lib/gcc/arm-none-eabi/13.2.0/../../../../arm-none-eabi/lib/thumb/libstdc++.a(del_ops.o)
                              /opt/devkitpro/devkitARM/bin/../lib/gcc/arm-none-eabi/13.2.0/../../../../arm-none-eabi/lib/thumb/libstdc++.a(bad_alloc.o) (operator delete(void*, unsigned int))
/opt/devkitpro/devkitARM/bin/../lib/gcc/arm-none-eabi/13.2.0/../../../../arm-none-eabi/lib/thumb/libstdc++.a(eh_alloc.o)
                              /opt/devkitpro/devkitARM/bin/../lib/gcc/arm-none-eabi/13.2.0/../../../../arm-none-eabi/lib/thumb/libstdc++.a(new_op.o) (__cxa_allocate_exception)
[...]
Memory Configuration

Name             Origin             Length             Attributes
ewram            0x02000000         0x00380000
dtcm             0x02ff0000         0x00004000
vectors          0x01000000         0x00000100
itcm             0x01000100         0x00007f00
*default*        0x00000000         0xffffffff

Linker script and memory map

                0x02380000                        __ewram_end = (ORIGIN (ewram) + LENGTH (ewram))
                0x02380000                        __eheap_end = (ORIGIN (ewram) + LENGTH (ewram))
                0x02ff4000                        __dtcm_top = (ORIGIN (dtcm) + LENGTH (dtcm))
                0x02ff3ff8                        __irq_flags = (__dtcm_top - 0x8)
                0x02ff3ffc                        __irq_vector = (__dtcm_top - 0x4)
                0x02ff3f00                        __sp_svc = (__dtcm_top - 0x100)
                0x02ff3e00                        __sp_irq = (__sp_svc - 0x100)
                0x02ff3d00                        __sp_usr = (__sp_irq - 0x100)

.secure         0x02000000      0x800
 *(.secure)
 .secure        0x02000000      0x800 /opt/devkitpro/libnds/lib/libnds9.a(securearea.o)
                0x02000000                __secure_area__

.crt0           0x02000800      0x300
                0x02000800                        __text_start = .
 *(.crt0)
 .crt0          0x02000800      0x300 /opt/devkitpro/devkitARM/bin/../lib/gcc/arm-none-eabi/13.2.0/../../../../arm-none-eabi/lib/thumb/ds_arm9_crt0.o
                0x02000800                _start
                0x02000b00                        . = ALIGN (0x4)

.plt
 *(.plt)

.init           0x02000b00        0xc
 *(SORT_NONE(.init))
 .init          0x02000b00        0x4 /opt/devkitpro/devkitARM/bin/../lib/gcc/arm-none-eabi/13.2.0/thumb/crti.o
                0x02000b00                _init
 .init          0x02000b04        0x8 /opt/devkitpro/devkitARM/bin/../lib/gcc/arm-none-eabi/13.2.0/thumb/crtn.o

.text           0x02000b10     0xe018
 *(EXCLUDE_FILE(*.twl* *.vectors* *.itcm*) .text)
 .text          0x02000b10      0x26c main.o
                0x02000b10                on_stream_request(unsigned int, void*, mm_stream_formats)
                0x02000b44                init()
                0x02000c2c                handleInput()
                0x02000cc4                drawScreen()
 .text          0x02000d7c      0x108 /opt/devkitpro/libnds/lib/libmm9.a(mm_main9.o)
                0x02000d7c                mmActive
                0x02000d82                mmSetEventHandler
                0x02000d88                mmInit
                0x02000db2                mmInitDefault
                0x02000dfc                mmInitDefaultMem
                0x02000e1e                mmSuspendIRQ_t
                0x02000e3c                mmRestoreIRQ_t
 .text          0x02000e84      0x400 /opt/devkitpro/libnds/lib/libmm9.a(mm_stream.o)
                0x02000e84                mmStreamOpen
                0x02000f86                mmStreamGetPosition
                0x02000fc0                mmStreamUpdate
                0x02001200                mmStreamClose
 .text          0x02001284      0x100 /opt/devkitpro/libnds/lib/libmm9.a(mm_soundbank.o)
                0x02001284                mmSoundBankInMemory
                0x0200128c                mmSoundBankInFiles
                0x0200129e                mmSetCustomSoundBankHandler
                0x020012ca                mmsHandleFileOp
 .text          0x02001384      0x24c /opt/devkitpro/libnds/lib/libmm9.a(mm_comms.o)
                0x02001384                mmSetupComms
                0x020013d6                mmSendBank
                0x020013e0                mmLockChannels
                0x020013e6                mmUnlockChannels
                0x020013ec                mmStart
                0x020013f6                mmPause
                0x020013fa                mmResume
                0x020013fe                mmStop
                0x02001402                mmPosition
                0x02001406                mmJingle
                0x0200140a                mmSetModuleVolume
                0x0200140e                mmSetJingleVolume
                0x02001412                mmSetModuleTempo
                0x02001416                mmSetModulePitch
                0x0200141a                mmSetEffectsVolume
                0x0200141e                mmSelectMode
                0x02001422                mmStreamBegin
                0x02001436                mmStreamEnd
                0x0200148c                mmEffect
                0x020014b0                mmEffectVolume
                0x020014b4                mmEffectPanning
                0x020014b8                mmEffectRate
                0x020014c2                mmEffectScaleRate
                0x020014cc                mmEffectRelease
                0x020014d2                mmEffectCancel
                0x020014d8                mmEffectEx
                0x02001516                mmEffectCancelAll
                0x0200151a                mmReverbEnable
                0x0200151e                mmReverbDisable
                0x02001522                mmReverbConfigure
                0x0200157e                mmReverbStart
                0x02001582                mmReverbStop
 .text          0x020015d0      0x150 /opt/devkitpro/devkitARM/bin/../lib/gcc/arm-none-eabi/13.2.0/thumb/libgcc.a(_divsi3.o)
                0x020015d0                __aeabi_idiv
                0x020015d0                __divsi3
                0x02001700                __aeabi_idivmod
 .text          0x02001720        0x4 /opt/devkitpro/devkitARM/bin/../lib/gcc/arm-none-eabi/13.2.0/thumb/libgcc.a(_dvmd_tls.o)
                0x02001720                __aeabi_ldiv0
                0x02001720                __aeabi_idiv0
 .text          0x02001724       0x3c /opt/devkitpro/devkitARM/bin/../lib/gcc/arm-none-eabi/13.2.0/thumb/libgcc.a(_call_via_rX.o)
                0x02001724                _call_via_r0
                0x02001728                _call_via_r1
                0x0200172c                _call_via_r2
                0x02001730                _call_via_r3
                0x02001734                _call_via_r4
                0x02001738                _call_via_r5
                0x0200173c                _call_via_r6
                0x02001740                _call_via_r7
                0x02001744                _call_via_r8
                0x02001748                _call_via_r9
                0x0200174c                _call_via_sl
                0x02001750                _call_via_fp
                0x02001754                _call_via_ip
                0x02001758                _call_via_sp
                0x0200175c                _call_via_lr
 .text          0x02001760      0x1d8 /opt/devkitpro/devkitARM/bin/../lib/gcc/arm-none-eabi/13.2.0/thumb/libgcc.a(libunwind.o)
                0x02001760                __restore_core_regs
                0x02001760                restore_core_regs
                0x0200177c                __gnu_Unwind_Restore_VFP
                0x02001784                __gnu_Unwind_Save_VFP
                0x0200178c                __gnu_Unwind_Restore_VFP_D
                0x02001794                __gnu_Unwind_Save_VFP_D
                0x0200179c                __gnu_Unwind_Restore_VFP_D_16_to_31
                0x020017a4                __gnu_Unwind_Save_VFP_D_16_to_31
                0x020017ac                __gnu_Unwind_Restore_WMMXD
                0x020017f0                __gnu_Unwind_Save_WMMXD
                0x02001834                __gnu_Unwind_Restore_WMMXC
                0x02001848                __gnu_Unwind_Save_WMMXC
                0x0200185c                _Unwind_RaiseException
                0x0200185c                ___Unwind_RaiseException
                0x02001888                ___Unwind_Resume
                0x02001888                _Unwind_Resume
                0x020018b4                ___Unwind_Resume_or_Rethrow
                0x020018b4                _Unwind_Resume_or_Rethrow
                0x020018e0                _Unwind_ForcedUnwind
                0x020018e0                ___Unwind_ForcedUnwind
                0x0200190c                _Unwind_Backtrace
                0x0200190c                ___Unwind_Backtrace
 .text          0x02001938      0x224 /opt/devkitpro/devkitARM/bin/../lib/gcc/arm-none-eabi/13.2.0/../../../../arm-none-eabi/lib/thumb/libg.a(libc_a-strcmp.o)
                0x02001938                strcmp
 .text          0x02001b5c       0x14 /opt/devkitpro/devkitARM/bin/../lib/gcc/arm-none-eabi/13.2.0/thumb/libgcc.a(_thumb1_case_uqi.o)
                0x02001b5c                __gnu_thumb1_case_uqi
 .text          0x02001b70       0x14 /opt/devkitpro/devkitARM/bin/../lib/gcc/arm-none-eabi/13.2.0/thumb/libgcc.a(_thumb1_case_uhi.o)
                0x02001b70                __gnu_thumb1_case_uhi
 .text          0x02001b84      0x11c /opt/devkitpro/devkitARM/bin/../lib/gcc/arm-none-eabi/13.2.0/thumb/libgcc.a(_udivsi3.o)
                0x02001b84                __udivsi3
                0x02001b84                __aeabi_uidiv
                0x02001c80                __aeabi_uidivmod
 .text          0x02001ca0       0x3c /opt/devkitpro/devkitARM/bin/../lib/gcc/arm-none-eabi/13.2.0/thumb/libgcc.a(_aeabi_uldivmod.o)
                0x02001ca0                __aeabi_uldivmod
 .text          0x02001cdc       0x28 /opt/devkitpro/devkitARM/bin/../lib/gcc/arm-none-eabi/13.2.0/thumb/libgcc.a(_clzdi2.o)
                0x02001cdc                __clzdi2
 .text          0x02001d04       0x48 /opt/devkitpro/devkitARM/bin/../lib/gcc/arm-none-eabi/13.2.0/thumb/libgcc.a(_clzsi2.o)
                0x02001d04                __clzsi2
 *(EXCLUDE_FILE(*.twl* *.vectors* *.itcm*) .stub)
 *(EXCLUDE_FILE(*.twl* *.vectors* *.itcm*) .text.*)
 .text.__do_global_dtors_aux
                0x02001d4c       0x2c /opt/devkitpro/devkitARM/bin/../lib/gcc/arm-none-eabi/13.2.0/thumb/crtbegin.o
 .text.frame_dummy
                0x02001d78       0x24 /opt/devkitpro/devkitARM/bin/../lib/gcc/arm-none-eabi/13.2.0/thumb/crtbegin.o
 .text.startup  0x02001d9c       0x10 main.o
                0x02001d9c                main
 .text.checkIfText
                0x02001dac       0x5c /opt/devkitpro/libnds/lib/libnds9.a(background.o)
                0x02001dac                checkIfText
 .text.bgUpdate
                0x02001e08       0xf4 /opt/devkitpro/libnds/lib/libnds9.a(background.o)
                0x02001e08                bgUpdate
 .text.bgInit_call
                0x02001efc       0xc4 /opt/devkitpro/libnds/lib/libnds9.a(background.o)
                0x02001efc                bgInit_call
 .text.bgInitSub_call
                0x02001fc0       0xcc /opt/devkitpro/libnds/lib/libnds9.a(background.o)
                0x02001fc0                bgInitSub_call
 .text.sinLutLookup
                0x0200208c       0x4c /opt/devkitpro/libnds/lib/libnds9.a(trig.o)
                0x0200208c                sinLutLookup
 .text.sinLerp  0x020020d8       0x40 /opt/devkitpro/libnds/lib/libnds9.a(trig.o)
                0x020020d8                sinLerp
 .text.cosLerp  0x02002118       0x4c /opt/devkitpro/libnds/lib/libnds9.a(trig.o)
                0x02002118                cosLerp
 .text.tanLerp  0x02002164       0xb0 /opt/devkitpro/libnds/lib/libnds9.a(trig.o)
                0x02002164                tanLerp
 .text.touchRead
                0x02002214       0x24 /opt/devkitpro/libnds/lib/libnds9.a(touch.o)
                0x02002214                touchRead
 .text.newRow   0x02002238       0xa8 /opt/devkitpro/libnds/lib/libnds9.a(console.o)
 .text.consolePrintChar
                0x020022e0       0xe0 /opt/devkitpro/libnds/lib/libnds9.a(console.o)
                0x020022e0                consolePrintChar
 .text.con_write
                0x020023c0      0x36c /opt/devkitpro/libnds/lib/libnds9.a(console.o)
                0x020023c0                con_write
 .text.consoleLoadFont
                0x0200272c      0x2a0 /opt/devkitpro/libnds/lib/libnds9.a(console.o)
                0x0200272c                consoleLoadFont
 .text.consoleSetFont
                0x020029cc       0x20 /opt/devkitpro/libnds/lib/libnds9.a(console.o)
                0x020029cc                consoleSetFont
 .text.consoleInit
                0x020029ec      0x18c /opt/devkitpro/libnds/lib/libnds9.a(console.o)
                0x020029ec                consoleInit
 .text.SetOrtho
                0x02002b78      0x184 /opt/devkitpro/libnds/lib/libnds9.a(gl2d.o)
                0x02002b78                SetOrtho
 .text.glScreen2D
                0x02002cfc      0x540 /opt/devkitpro/libnds/lib/libnds9.a(gl2d.o)
                0x02002cfc                glScreen2D
 .text.glBegin2D
                0x0200323c       0x84 /opt/devkitpro/libnds/lib/libnds9.a(gl2d.o)
                0x0200323c                glBegin2D
 .text.glEnd2D  0x020032c0       0x1c /opt/devkitpro/libnds/lib/libnds9.a(gl2d.o)
                0x020032c0                glEnd2D
 .text.glLine   0x020032dc       0x88 /opt/devkitpro/libnds/lib/libnds9.a(gl2d.o)
                0x020032dc                glLine
 .text.glMaterialf
                0x02003364       0x7c /opt/devkitpro/libnds/lib/libnds9.a(videoGL.o)
                0x02003364                glMaterialf
 .text.vramBlock_init
                0x020033e0       0x5c /opt/devkitpro/libnds/lib/libnds9.a(videoGL.o)
                0x020033e0                vramBlock_init
 .text.glInit_C
                0x0200343c      0x1cc /opt/devkitpro/libnds/lib/libnds9.a(videoGL.o)
                0x0200343c                glInit_C
 .text.glBindTexture
                0x02003608       0x60 /opt/devkitpro/libnds/lib/libnds9.a(videoGL.o)
                0x02003608                glBindTexture
 .text.scanKeys
                0x02003668       0x8c /opt/devkitpro/libnds/lib/libnds9.a(keys.o)
                0x02003668                scanKeys
 .text.keysHeld
                0x020036f4        0xc /opt/devkitpro/libnds/lib/libnds9.a(keys.o)
                0x020036f4                keysHeld
 .text.keysDown
                0x02003700       0x14 /opt/devkitpro/libnds/lib/libnds9.a(keys.o)
                0x02003700                keysDown
 .text.__syscall_exit
                0x02003714        0x8 /opt/devkitpro/libnds/lib/libnds9.a(initSystem.o)
                0x02003714                __syscall_exit
 .text.initSystem
                0x0200371c      0x180 /opt/devkitpro/libnds/lib/libnds9.a(initSystem.o)
                0x0200371c                initSystem
 .text.irqDummy
                0x0200389c        0x4 /opt/devkitpro/libnds/lib/libnds9.a(interrupts.o)
                0x0200389c                irqDummy
 .text.irqSet   0x020038a0       0x6c /opt/devkitpro/libnds/lib/libnds9.a(interrupts.o)
                0x020038a0                irqSet
 .text.irqInit  0x0200390c       0x50 /opt/devkitpro/libnds/lib/libnds9.a(interrupts.o)
                0x0200390c                irqInit
 .text.irqEnable
                0x0200395c       0x64 /opt/devkitpro/libnds/lib/libnds9.a(interrupts.o)
                0x0200395c                irqEnable
 .text.irqDisable
                0x020039c0       0x64 /opt/devkitpro/libnds/lib/libnds9.a(interrupts.o)
                0x020039c0                irqDisable
 .text.systemErrorExit
                0x02003a24        0x4 /opt/devkitpro/libnds/lib/libnds9.a(libnds_exit.arm.o)
                0x02003a24                systemErrorExit
 .text.__libnds_exit
                0x02003a28       0x5c /opt/devkitpro/libnds/lib/libnds9.a(libnds_exit.arm.o)
                0x02003a28                __libnds_exit
 .text.fifo_queueBlock
                0x02003a84       0x44 /opt/devkitpro/libnds/lib/libnds9.a(fifosystem.o)
 .text.fifo_waitBlock
                0x02003ac8       0x80 /opt/devkitpro/libnds/lib/libnds9.a(fifosystem.o)
 .text.fifoInternalSend.part.0
                0x02003b48       0xd4 /opt/devkitpro/libnds/lib/libnds9.a(fifosystem.o)
 .text.fifoInternalSendInterrupt
                0x02003c1c       0xb0 /opt/devkitpro/libnds/lib/libnds9.a(fifosystem.o)
 .text.fifoSetValue32Handler
                0x02003ccc       0xd4 /opt/devkitpro/libnds/lib/libnds9.a(fifosystem.o)
                0x02003ccc                fifoSetValue32Handler
 .text.fifoSendValue32
                0x02003da0       0x4c /opt/devkitpro/libnds/lib/libnds9.a(fifosystem.o)
                0x02003da0                fifoSendValue32
 .text.fifoSendDatamsg
                0x02003dec       0x90 /opt/devkitpro/libnds/lib/libnds9.a(fifosystem.o)
                0x02003dec                fifoSendDatamsg
 .text.fifoGetDatamsg
                0x02003e7c       0xf4 /opt/devkitpro/libnds/lib/libnds9.a(fifosystem.o)
                0x02003e7c                fifoGetDatamsg
 .text.fifoInternalRecvInterrupt
                0x02003f70      0x37c /opt/devkitpro/libnds/lib/libnds9.a(fifosystem.o)
 .text.fifoSetDatamsgHandler
                0x020042ec       0x9c /opt/devkitpro/libnds/lib/libnds9.a(fifosystem.o)
                0x020042ec                fifoSetDatamsgHandler
 .text.fifoInit
                0x02004388      0x108 /opt/devkitpro/libnds/lib/libnds9.a(fifosystem.o)
                0x02004388                fifoInit
 .text.__libnds_mpu_setup
                0x02004490      0x174 /opt/devkitpro/libnds/lib/libnds9.a(mpu_setup.o)
                0x02004490                __libnds_mpu_setup
 .text.memUncached
                0x02004604       0x20 /opt/devkitpro/libnds/lib/libnds9.a(mpu_setup.o)
                0x02004604                memUncached
 .text.swiWaitForVBlank
                0x02004624        0x8 /opt/devkitpro/libnds/lib/libnds9.a(IntrWait.o)
                0x02004624                swiWaitForVBlank
 .text.swiIntrWait
                0x0200462c       0x70 /opt/devkitpro/libnds/lib/libnds9.a(IntrWait.o)
                0x0200462c                swiIntrWait
 .text.setCpuClock
                0x0200469c       0x50 /opt/devkitpro/libnds/lib/libnds9.a(cpu_clock.o)
                0x0200469c                setCpuClock
 .text.swiDelay
                0x020046ec        0x4 /opt/devkitpro/libnds/lib/libnds9.a(biosCalls.o)
                0x020046ec                swiDelay
 .text.swiSoftReset
                0x020046f0       0x2c /opt/devkitpro/libnds/lib/libnds9.a(swiSoftReset.o)
                0x020046f0                swiSoftReset
 .text.DynamicArrayInit
                0x0200471c       0x18 /opt/devkitpro/libnds/lib/libnds9.a(dynamicArray.o)
                0x0200471c                DynamicArrayInit
 .text.DynamicArrayGet
                0x02004734       0x18 /opt/devkitpro/libnds/lib/libnds9.a(dynamicArray.o)
                0x02004734                DynamicArrayGet
 .text.DynamicArraySet
                0x0200474c       0x48 /opt/devkitpro/libnds/lib/libnds9.a(dynamicArray.o)
                0x0200474c                DynamicArraySet
 .text.vramDefault
                0x02004794       0xd0 /opt/devkitpro/libnds/lib/libnds9.a(video.o)
                0x02004794                vramDefault
 .text.systemValueHandler
                0x02004864       0x48 /opt/devkitpro/libnds/lib/libnds9.a(system.o)
                0x02004864                systemValueHandler
 .text.systemMsgHandler
                0x020048ac       0x60 /opt/devkitpro/libnds/lib/libnds9.a(system.o)
                0x020048ac                systemMsgHandler
 .text.powerOn  0x0200490c       0x2c /opt/devkitpro/libnds/lib/libnds9.a(system.o)
                0x0200490c                powerOn
 .text._Znwj    0x02004938       0x48 /opt/devkitpro/devkitARM/bin/../lib/gcc/arm-none-eabi/13.2.0/../../../../arm-none-eabi/lib/thumb/libstdc++.a(new_op.o)
                0x02004938                operator new(unsigned int)
 .text._ZNKSt9bad_alloc4whatEv
                0x02004980        0x8 /opt/devkitpro/devkitARM/bin/../lib/gcc/arm-none-eabi/13.2.0/../../../../arm-none-eabi/lib/thumb/libstdc++.a(bad_alloc.o)
                0x02004980                std::bad_alloc::what() const
 .text._ZNSt9bad_allocD2Ev
                0x02004988       0x18 /opt/devkitpro/devkitARM/bin/../lib/gcc/arm-none-eabi/13.2.0/../../../../arm-none-eabi/lib/thumb/libstdc++.a(bad_alloc.o)
                0x02004988                std::bad_alloc::~bad_alloc()
                0x02004988                std::bad_alloc::~bad_alloc()
 .text._ZNSt9bad_allocD0Ev
                0x020049a0       0x20 /opt/devkitpro/devkitARM/bin/../lib/gcc/arm-none-eabi/13.2.0/../../../../arm-none-eabi/lib/thumb/libstdc++.a(bad_alloc.o)
                0x020049a0                std::bad_alloc::~bad_alloc()
 .text._ZdlPvj  0x020049c0        0xc /opt/devkitpro/devkitARM/bin/../lib/gcc/arm-none-eabi/13.2.0/../../../../arm-none-eabi/lib/thumb/libstdc++.a(del_ops.o)
                0x020049c0                operator delete(void*, unsigned int)
 .text._ZNK9__gnu_cxx24__concurrence_lock_error4whatEv
                0x020049cc        0x8 /opt/devkitpro/devkitARM/bin/../lib/gcc/arm-none-eabi/13.2.0/../../../../arm-none-eabi/lib/thumb/libstdc++.a(eh_alloc.o)
                0x020049cc                __gnu_cxx::__concurrence_lock_error::what() const
 .text._ZNK9__gnu_cxx26__concurrence_unlock_error4whatEv
                0x020049d4        0x8 /opt/devkitpro/devkitARM/bin/../lib/gcc/arm-none-eabi/13.2.0/../../../../arm-none-eabi/lib/thumb/libstdc++.a(eh_alloc.o)
                0x020049d4                __gnu_cxx::__concurrence_unlock_error::what() const
 .text._ZN9__gnu_cxx24__concurrence_lock_errorD2Ev
                0x020049dc       0x18 /opt/devkitpro/devkitARM/bin/../lib/gcc/arm-none-eabi/13.2.0/../../../../arm-none-eabi/lib/thumb/libstdc++.a(eh_alloc.o)
                0x020049dc                __gnu_cxx::__concurrence_lock_error::~__concurrence_lock_error()
                0x020049dc                __gnu_cxx::__concurrence_lock_error::~__concurrence_lock_error()
 .text._ZN9__gnu_cxx24__concurrence_lock_errorD0Ev
                0x020049f4       0x20 /opt/devkitpro/devkitARM/bin/../lib/gcc/arm-none-eabi/13.2.0/../../../../arm-none-eabi/lib/thumb/libstdc++.a(eh_alloc.o)
                0x020049f4                __gnu_cxx::__concurrence_lock_error::~__concurrence_lock_error()
 .text._ZN9__gnu_cxx26__concurrence_unlock_errorD2Ev
                0x02004a14       0x18 /opt/devkitpro/devkitARM/bin/../lib/gcc/arm-none-eabi/13.2.0/../../../../arm-none-eabi/lib/thumb/libstdc++.a(eh_alloc.o)
                0x02004a14                __gnu_cxx::__concurrence_unlock_error::~__concurrence_unlock_error()
                0x02004a14                __gnu_cxx::__concurrence_unlock_error::~__concurrence_unlock_error()
 .text._ZN9__gnu_cxx26__concurrence_unlock_errorD0Ev
                0x02004a2c       0x20 /opt/devkitpro/devkitARM/bin/../lib/gcc/arm-none-eabi/13.2.0/../../../../arm-none-eabi/lib/thumb/libstdc++.a(eh_alloc.o)
                0x02004a2c                __gnu_cxx::__concurrence_unlock_error::~__concurrence_unlock_error()
 .text.unlikely._ZN9__gnu_cxx30__throw_concurrence_lock_errorEv
                0x02004a4c       0x20 /opt/devkitpro/devkitARM/bin/../lib/gcc/arm-none-eabi/13.2.0/../../../../arm-none-eabi/lib/thumb/libstdc++.a(eh_alloc.o)
                0x02004a4c                __gnu_cxx::__throw_concurrence_lock_error()
 .text.unlikely._ZN9__gnu_cxx32__throw_concurrence_unlock_errorEv
                0x02004a6c       0x20 /opt/devkitpro/devkitARM/bin/../lib/gcc/arm-none-eabi/13.2.0/../../../../arm-none-eabi/lib/thumb/libstdc++.a(eh_alloc.o)
                0x02004a6c                __gnu_cxx::__throw_concurrence_unlock_error()
 .text._ZN12_GLOBAL__N_14pool4freeEPv.constprop.0
                0x02004a8c       0xa8 /opt/devkitpro/devkitARM/bin/../lib/gcc/arm-none-eabi/13.2.0/../../../../arm-none-eabi/lib/thumb/libstdc++.a(eh_alloc.o)
 .text._ZN12_GLOBAL__N_14pool8allocateEj.constprop.0
                0x02004b34       0x84 /opt/devkitpro/devkitARM/bin/../lib/gcc/arm-none-eabi/13.2.0/../../../../arm-none-eabi/lib/thumb/libstdc++.a(eh_alloc.o)
 .text.__cxa_allocate_exception
                0x02004bb8       0x30 /opt/devkitpro/devkitARM/bin/../lib/gcc/arm-none-eabi/13.2.0/../../../../arm-none-eabi/lib/thumb/libstdc++.a(eh_alloc.o)
                0x02004bb8                __cxa_allocate_exception
 .text.__cxa_free_exception
                0x02004be8       0x28 /opt/devkitpro/devkitARM/bin/../lib/gcc/arm-none-eabi/13.2.0/../../../../arm-none-eabi/lib/thumb/libstdc++.a(eh_alloc.o)
                0x02004be8                __cxa_free_exception
 .text.startup._GLOBAL__sub_I__ZN9__gnu_cxx9__freeresEv
                0x02004c10      0x120 /opt/devkitpro/devkitARM/bin/../lib/gcc/arm-none-eabi/13.2.0/../../../../arm-none-eabi/lib/thumb/libstdc++.a(eh_alloc.o)
 .text._ZNSt9exceptionD2Ev
                0x02004d30        0x4 /opt/devkitpro/devkitARM/bin/../lib/gcc/arm-none-eabi/13.2.0/../../../../arm-none-eabi/lib/thumb/libstdc++.a(eh_exception.o)
                0x02004d30                std::exception::~exception()
                0x02004d30                std::exception::~exception()
 .text._ZNSt13bad_exceptionD2Ev
                0x02004d34        0x4 /opt/devkitpro/devkitARM/bin/../lib/gcc/arm-none-eabi/13.2.0/../../../../arm-none-eabi/lib/thumb/libstdc++.a(eh_exception.o)
                0x02004d34                std::bad_exception::~bad_exception()
                0x02004d34                std::bad_exception::~bad_exception()
 .text._ZNKSt9exception4whatEv
                0x02004d38        0x8 /opt/devkitpro/devkitARM/bin/../lib/gcc/arm-none-eabi/13.2.0/../../../../arm-none-eabi/lib/thumb/libstdc++.a(eh_exception.o)
                0x02004d38                transaction clone for std::exception::what() const
                0x02004d38                std::exception::what() const
 .text._ZNKSt13bad_exception4whatEv
                0x02004d40        0x8 /opt/devkitpro/devkitARM/bin/../lib/gcc/arm-none-eabi/13.2.0/../../../../arm-none-eabi/lib/thumb/libstdc++.a(eh_exception.o)
                0x02004d40                transaction clone for std::bad_exception::what() const
                0x02004d40                std::bad_exception::what() const
 .text._ZNSt13bad_exceptionD0Ev
                0x02004d48       0x14 /opt/devkitpro/devkitARM/bin/../lib/gcc/arm-none-eabi/13.2.0/../../../../arm-none-eabi/lib/thumb/libstdc++.a(eh_exception.o)
                0x02004d48                std::bad_exception::~bad_exception()
 .text._ZL28read_encoded_value_with_basehjPKhPj
                0x02004d5c      0x104 /opt/devkitpro/devkitARM/bin/../lib/gcc/arm-none-eabi/13.2.0/../../../../arm-none-eabi/lib/thumb/libstdc++.a(eh_personality.o)
 .text._ZL21base_of_encoded_valuehP15_Unwind_Context
                0x02004e60       0x44 /opt/devkitpro/devkitARM/bin/../lib/gcc/arm-none-eabi/13.2.0/../../../../arm-none-eabi/lib/thumb/libstdc++.a(eh_personality.o)
 .text._ZL17parse_lsda_headerP15_Unwind_ContextPKhP16lsda_header_info
                0x02004ea4       0x94 /opt/devkitpro/devkitARM/bin/../lib/gcc/arm-none-eabi/13.2.0/../../../../arm-none-eabi/lib/thumb/libstdc++.a(eh_personality.o)
 .text.__gxx_personality_v0
                0x02004f38      0x490 /opt/devkitpro/devkitARM/bin/../lib/gcc/arm-none-eabi/13.2.0/../../../../arm-none-eabi/lib/thumb/libstdc++.a(eh_personality.o)
                0x02004f38                __gxx_personality_v0
 .text._ZN10__cxxabiv111__terminateEPFvvE
                0x020053c8       0x14 /opt/devkitpro/devkitARM/bin/../lib/gcc/arm-none-eabi/13.2.0/../../../../arm-none-eabi/lib/thumb/libstdc++.a(eh_terminate.o)
                0x020053c8                __cxxabiv1::__terminate(void (*)())
 .text._ZSt13get_terminatev
                0x020053dc       0x40 /opt/devkitpro/devkitARM/bin/../lib/gcc/arm-none-eabi/13.2.0/../../../../arm-none-eabi/lib/thumb/libstdc++.a(eh_terminate.o)
                0x020053dc                std::get_terminate()
 .text._ZSt9terminatev
                0x0200541c        0xc /opt/devkitpro/devkitARM/bin/../lib/gcc/arm-none-eabi/13.2.0/../../../../arm-none-eabi/lib/thumb/libstdc++.a(eh_terminate.o)
                0x0200541c                std::terminate()
 .text._ZN10__cxxabiv112__unexpectedEPFvvE
                0x02005428        0xc /opt/devkitpro/devkitARM/bin/../lib/gcc/arm-none-eabi/13.2.0/../../../../arm-none-eabi/lib/thumb/libstdc++.a(eh_terminate.o)
                0x02005428                __cxxabiv1::__unexpected(void (*)())
 .text._ZSt14get_unexpectedv
                0x02005434       0x40 /opt/devkitpro/devkitARM/bin/../lib/gcc/arm-none-eabi/13.2.0/../../../../arm-none-eabi/lib/thumb/libstdc++.a(eh_terminate.o)
                0x02005434                std::get_unexpected()
 .text._ZSt10unexpectedv
                0x02005474        0xc /opt/devkitpro/devkitARM/bin/../lib/gcc/arm-none-eabi/13.2.0/../../../../arm-none-eabi/lib/thumb/libstdc++.a(eh_terminate.o)
                0x02005474                std::unexpected()
 .text.startup._GLOBAL__sub_I__ZN10__cxxabiv111__terminateEPFvvE
                0x02005480       0x18 /opt/devkitpro/devkitARM/bin/../lib/gcc/arm-none-eabi/13.2.0/../../../../arm-none-eabi/lib/thumb/libstdc++.a(eh_terminate.o)
 .text._ZL23__gxx_exception_cleanup19_Unwind_Reason_CodeP21_Unwind_Control_Block
                0x02005498       0x58 /opt/devkitpro/devkitARM/bin/../lib/gcc/arm-none-eabi/13.2.0/../../../../arm-none-eabi/lib/thumb/libstdc++.a(eh_throw.o)
 .text.__cxa_init_primary_exception
                0x020054f0       0x50 /opt/devkitpro/devkitARM/bin/../lib/gcc/arm-none-eabi/13.2.0/../../../../arm-none-eabi/lib/thumb/libstdc++.a(eh_throw.o)
                0x020054f0                __cxa_init_primary_exception
 .text.__cxa_throw
                0x02005540       0x34 /opt/devkitpro/devkitARM/bin/../lib/gcc/arm-none-eabi/13.2.0/../../../../arm-none-eabi/lib/thumb/libstdc++.a(eh_throw.o)
                0x02005540                __cxa_throw
 .text.__cxa_rethrow
                0x02005574       0x70 /opt/devkitpro/devkitARM/bin/../lib/gcc/arm-none-eabi/13.2.0/../../../../arm-none-eabi/lib/thumb/libstdc++.a(eh_throw.o)
                0x02005574                __cxa_rethrow
 .text._ZSt15get_new_handlerv
                0x020055e4       0x40 /opt/devkitpro/devkitARM/bin/../lib/gcc/arm-none-eabi/13.2.0/../../../../arm-none-eabi/lib/thumb/libstdc++.a(new_handler.o)
                0x020055e4                std::get_new_handler()
 .text.startup._GLOBAL__sub_I__ZSt7nothrow
                0x02005624       0x18 /opt/devkitpro/devkitARM/bin/../lib/gcc/arm-none-eabi/13.2.0/../../../../arm-none-eabi/lib/thumb/libstdc++.a(new_handler.o)
 .text._ZN10__cxxabiv120__si_class_type_infoD2Ev
                0x0200563c       0x18 /opt/devkitpro/devkitARM/bin/../lib/gcc/arm-none-eabi/13.2.0/../../../../arm-none-eabi/lib/thumb/libstdc++.a(si_class_type_info.o)
                0x0200563c                __cxxabiv1::__si_class_type_info::~__si_class_type_info()
                0x0200563c                __cxxabiv1::__si_class_type_info::~__si_class_type_info()
 .text._ZN10__cxxabiv120__si_class_type_infoD0Ev
                0x02005654       0x20 /opt/devkitpro/devkitARM/bin/../lib/gcc/arm-none-eabi/13.2.0/../../../../arm-none-eabi/lib/thumb/libstdc++.a(si_class_type_info.o)
                0x02005654                __cxxabiv1::__si_class_type_info::~__si_class_type_info()
 .text._ZNK10__cxxabiv120__si_class_type_info12__do_dyncastEiNS_17__class_type_info10__sub_kindEPKS1_PKvS4_S6_RNS1_16__dyncast_resultE
                0x02005674       0xd8 /opt/devkitpro/devkitARM/bin/../lib/gcc/arm-none-eabi/13.2.0/../../../../arm-none-eabi/lib/thumb/libstdc++.a(si_class_type_info.o)
                0x02005674                __cxxabiv1::__si_class_type_info::__do_dyncast(int, __cxxabiv1::__class_type_info::__sub_kind, __cxxabiv1::__class_type_info const*, void const*, __cxxabiv1::__class_type_info const*, void const*, __cxxabiv1::__class_type_info::__dyncast_result&) const
 .text._ZNK10__cxxabiv120__si_class_type_info20__do_find_public_srcEiPKvPKNS_17__class_type_infoES2_
                0x0200574c       0x5c /opt/devkitpro/devkitARM/bin/../lib/gcc/arm-none-eabi/13.2.0/../../../../arm-none-eabi/lib/thumb/libstdc++.a(si_class_type_info.o)
                0x0200574c                __cxxabiv1::__si_class_type_info::__do_find_public_src(int, void const*, __cxxabiv1::__class_type_info const*, void const*) const
 .text._ZNK10__cxxabiv120__si_class_type_info11__do_upcastEPKNS_17__class_type_infoEPKvRNS1_15__upcast_resultE
                0x020057a8       0x2c /opt/devkitpro/devkitARM/bin/../lib/gcc/arm-none-eabi/13.2.0/../../../../arm-none-eabi/lib/thumb/libstdc++.a(si_class_type_info.o)
                0x020057a8                __cxxabiv1::__si_class_type_info::__do_upcast(__cxxabiv1::__class_type_info const*, void const*, __cxxabiv1::__class_type_info::__upcast_result&) const
 .text._ZNSt9type_infoD2Ev
                0x020057d4        0x4 /opt/devkitpro/devkitARM/bin/../lib/gcc/arm-none-eabi/13.2.0/../../../../arm-none-eabi/lib/thumb/libstdc++.a(tinfo.o)
                0x020057d4                std::type_info::~type_info()
                0x020057d4                std::type_info::~type_info()
 .text._ZNKSt9type_info14__is_pointer_pEv
                0x020057d8        0x4 /opt/devkitpro/devkitARM/bin/../lib/gcc/arm-none-eabi/13.2.0/../../../../arm-none-eabi/lib/thumb/libstdc++.a(tinfo.o)
                0x020057d8                std::type_info::__is_function_p() const
                0x020057d8                std::type_info::__is_pointer_p() const
 .text._ZN9__gnu_cxx18__exchange_and_addEPVii
                0x020057dc       0x9c /opt/devkitpro/devkitARM/bin/../lib/gcc/arm-none-eabi/13.2.0/../../../../arm-none-eabi/lib/thumb/libstdc++.a(atomicity.o)
                0x020057dc                __gnu_cxx::__exchange_and_add(int volatile*, int)
 .text._ZNK10__cxxabiv117__class_type_info11__do_upcastEPKS0_PPv
                0x02005878       0x3c /opt/devkitpro/devkitARM/bin/../lib/gcc/arm-none-eabi/13.2.0/../../../../arm-none-eabi/lib/thumb/libstdc++.a(class_type_info.o)
                0x02005878                __cxxabiv1::__class_type_info::__do_upcast(__cxxabiv1::__class_type_info const*, void**) const
 .text._ZNK10__cxxabiv117__class_type_info20__do_find_public_srcEiPKvPKS0_S2_
                0x020058b4       0x14 /opt/devkitpro/devkitARM/bin/../lib/gcc/arm-none-eabi/13.2.0/../../../../arm-none-eabi/lib/thumb/libstdc++.a(class_type_info.o)
                0x020058b4                __cxxabiv1::__class_type_info::__do_find_public_src(int, void const*, __cxxabiv1::__class_type_info const*, void const*) const
 .text._ZN10__cxxabiv117__class_type_infoD2Ev
                0x020058c8       0x18 /opt/devkitpro/devkitARM/bin/../lib/gcc/arm-none-eabi/13.2.0/../../../../arm-none-eabi/lib/thumb/libstdc++.a(class_type_info.o)
                0x020058c8                __cxxabiv1::__class_type_info::~__class_type_info()
                0x020058c8                __cxxabiv1::__class_type_info::~__class_type_info()
 .text._ZN10__cxxabiv117__class_type_infoD0Ev
                0x020058e0       0x20 /opt/devkitpro/devkitARM/bin/../lib/gcc/arm-none-eabi/13.2.0/../../../../arm-none-eabi/lib/thumb/libstdc++.a(class_type_info.o)
                0x020058e0                __cxxabiv1::__class_type_info::~__class_type_info()
 .text._ZNK10__cxxabiv117__class_type_info11__do_upcastEPKS0_PKvRNS0_15__upcast_resultE
                0x02005900       0x3c /opt/devkitpro/devkitARM/bin/../lib/gcc/arm-none-eabi/13.2.0/../../../../arm-none-eabi/lib/thumb/libstdc++.a(class_type_info.o)
                0x02005900                __cxxabiv1::__class_type_info::__do_upcast(__cxxabiv1::__class_type_info const*, void const*, __cxxabiv1::__class_type_info::__upcast_result&) const
 .text._ZNK10__cxxabiv117__class_type_info10__do_catchEPKSt9type_infoPPvj
                0x0200593c       0x54 /opt/devkitpro/devkitARM/bin/../lib/gcc/arm-none-eabi/13.2.0/../../../../arm-none-eabi/lib/thumb/libstdc++.a(class_type_info.o)
                0x0200593c                __cxxabiv1::__class_type_info::__do_catch(std::type_info const*, void**, unsigned int) const
 .text._ZNK10__cxxabiv117__class_type_info12__do_dyncastEiNS0_10__sub_kindEPKS0_PKvS3_S5_RNS0_16__dyncast_resultE
                0x02005990       0x80 /opt/devkitpro/devkitARM/bin/../lib/gcc/arm-none-eabi/13.2.0/../../../../arm-none-eabi/lib/thumb/libstdc++.a(class_type_info.o)
                0x02005990                __cxxabiv1::__class_type_info::__do_dyncast(int, __cxxabiv1::__class_type_info::__sub_kind, __cxxabiv1::__class_type_info const*, void const*, __cxxabiv1::__class_type_info const*, void const*, __cxxabiv1::__class_type_info::__dyncast_result&) const
 .text._ZdlPv   0x02005a10        0xc /opt/devkitpro/devkitARM/bin/../lib/gcc/arm-none-eabi/13.2.0/../../../../arm-none-eabi/lib/thumb/libstdc++.a(del_op.o)
                0x02005a10                operator delete(void*)
 .text.__cxa_end_cleanup
                0x02005a1c        0xc /opt/devkitpro/devkitARM/bin/../lib/gcc/arm-none-eabi/13.2.0/../../../../arm-none-eabi/lib/thumb/libstdc++.a(eh_arm.o)
                0x02005a1c                __cxa_end_cleanup
 .text.__cxa_type_match
                0x02005a28       0xcc /opt/devkitpro/devkitARM/bin/../lib/gcc/arm-none-eabi/13.2.0/../../../../arm-none-eabi/lib/thumb/libstdc++.a(eh_arm.o)
                0x02005a28                __cxa_type_match
 .text.__cxa_begin_cleanup
                0x02005af4       0x64 /opt/devkitpro/devkitARM/bin/../lib/gcc/arm-none-eabi/13.2.0/../../../../arm-none-eabi/lib/thumb/libstdc++.a(eh_arm.o)
                0x02005af4                __cxa_begin_cleanup
 .text.__gnu_end_cleanup
                0x02005b58       0x74 /opt/devkitpro/devkitARM/bin/../lib/gcc/arm-none-eabi/13.2.0/../../../../arm-none-eabi/lib/thumb/libstdc++.a(eh_arm.o)
                0x02005b58                __gnu_end_cleanup
 .text._ZN10__cxxabiv1L24__is_gxx_exception_classEPc
                0x02005bcc       0x3c /opt/devkitpro/devkitARM/bin/../lib/gcc/arm-none-eabi/13.2.0/../../../../arm-none-eabi/lib/thumb/libstdc++.a(eh_call.o)
 .text.__cxa_call_terminate
                0x02005c08       0x20 /opt/devkitpro/devkitARM/bin/../lib/gcc/arm-none-eabi/13.2.0/../../../../arm-none-eabi/lib/thumb/libstdc++.a(eh_call.o)
                0x02005c08                __cxa_call_terminate
 .text.unlikely.__cxa_call_unexpected
                0x02005c28      0x104 /opt/devkitpro/devkitARM/bin/../lib/gcc/arm-none-eabi/13.2.0/../../../../arm-none-eabi/lib/thumb/libstdc++.a(eh_call.o)
                0x02005c28                __cxa_call_unexpected
 .text.__cxa_begin_catch
                0x02005d2c       0x78 /opt/devkitpro/devkitARM/bin/../lib/gcc/arm-none-eabi/13.2.0/../../../../arm-none-eabi/lib/thumb/libstdc++.a(eh_catch.o)
                0x02005d2c                __cxa_begin_catch
 .text.__cxa_end_catch
                0x02005da4       0x94 /opt/devkitpro/devkitARM/bin/../lib/gcc/arm-none-eabi/13.2.0/../../../../arm-none-eabi/lib/thumb/libstdc++.a(eh_catch.o)
                0x02005da4                __cxa_end_catch
 .text._ZL15eh_globals_dtorPv
                0x02005e38       0x28 /opt/devkitpro/devkitARM/bin/../lib/gcc/arm-none-eabi/13.2.0/../../../../arm-none-eabi/lib/thumb/libstdc++.a(eh_globals.o)
 .text.__cxa_get_globals_fast
                0x02005e60       0x28 /opt/devkitpro/devkitARM/bin/../lib/gcc/arm-none-eabi/13.2.0/../../../../arm-none-eabi/lib/thumb/libstdc++.a(eh_globals.o)
                0x02005e60                __cxa_get_globals_fast
 .text.__cxa_get_globals
                0x02005e88       0x50 /opt/devkitpro/devkitARM/bin/../lib/gcc/arm-none-eabi/13.2.0/../../../../arm-none-eabi/lib/thumb/libstdc++.a(eh_globals.o)
                0x02005e88                __cxa_get_globals
 .text.startup._GLOBAL__sub_I__ZN17__eh_globals_init7_S_initE
                0x02005ed8       0x30 /opt/devkitpro/devkitARM/bin/../lib/gcc/arm-none-eabi/13.2.0/../../../../arm-none-eabi/lib/thumb/libstdc++.a(eh_globals.o)
 .text.exit._GLOBAL__sub_D__ZN17__eh_globals_init7_S_initE
                0x02005f08       0x28 /opt/devkitpro/devkitARM/bin/../lib/gcc/arm-none-eabi/13.2.0/../../../../arm-none-eabi/lib/thumb/libstdc++.a(eh_globals.o)
 .text._ZNK9__gnu_cxx29__concurrence_broadcast_error4whatEv
                0x02005f30        0x8 /opt/devkitpro/devkitARM/bin/../lib/gcc/arm-none-eabi/13.2.0/../../../../arm-none-eabi/lib/thumb/libstdc++.a(guard.o)
                0x02005f30                __gnu_cxx::__concurrence_broadcast_error::what() const
 .text._ZNK9__gnu_cxx24__concurrence_wait_error4whatEv
                0x02005f38        0x8 /opt/devkitpro/devkitARM/bin/../lib/gcc/arm-none-eabi/13.2.0/../../../../arm-none-eabi/lib/thumb/libstdc++.a(guard.o)
                0x02005f38                __gnu_cxx::__concurrence_wait_error::what() const
 .text._ZN12_GLOBAL__N_1L4initEv
                0x02005f40       0x20 /opt/devkitpro/devkitARM/bin/../lib/gcc/arm-none-eabi/13.2.0/../../../../arm-none-eabi/lib/thumb/libstdc++.a(guard.o)
 .text._ZN12_GLOBAL__N_1L16init_static_condEv
                0x02005f60       0x18 /opt/devkitpro/devkitARM/bin/../lib/gcc/arm-none-eabi/13.2.0/../../../../arm-none-eabi/lib/thumb/libstdc++.a(guard.o)
 .text._ZN9__gnu_cxx24__concurrence_wait_errorD2Ev
                0x02005f78       0x18 /opt/devkitpro/devkitARM/bin/../lib/gcc/arm-none-eabi/13.2.0/../../../../arm-none-eabi/lib/thumb/libstdc++.a(guard.o)
                0x02005f78                __gnu_cxx::__concurrence_wait_error::~__concurrence_wait_error()
                0x02005f78                __gnu_cxx::__concurrence_wait_error::~__concurrence_wait_error()
 .text._ZN9__gnu_cxx24__concurrence_wait_errorD0Ev
                0x02005f90       0x20 /opt/devkitpro/devkitARM/bin/../lib/gcc/arm-none-eabi/13.2.0/../../../../arm-none-eabi/lib/thumb/libstdc++.a(guard.o)
                0x02005f90                __gnu_cxx::__concurrence_wait_error::~__concurrence_wait_error()
 .text._ZN9__gnu_cxx29__concurrence_broadcast_errorD2Ev
                0x02005fb0       0x18 /opt/devkitpro/devkitARM/bin/../lib/gcc/arm-none-eabi/13.2.0/../../../../arm-none-eabi/lib/thumb/libstdc++.a(guard.o)
                0x02005fb0                __gnu_cxx::__concurrence_broadcast_error::~__concurrence_broadcast_error()
                0x02005fb0                __gnu_cxx::__concurrence_broadcast_error::~__concurrence_broadcast_error()
 .text._ZN9__gnu_cxx29__concurrence_broadcast_errorD0Ev
                0x02005fc8       0x20 /opt/devkitpro/devkitARM/bin/../lib/gcc/arm-none-eabi/13.2.0/../../../../arm-none-eabi/lib/thumb/libstdc++.a(guard.o)
                0x02005fc8                __gnu_cxx::__concurrence_broadcast_error::~__concurrence_broadcast_error()
 .text.unlikely._ZN9__gnu_cxx35__throw_concurrence_broadcast_errorEv
                0x02005fe8       0x20 /opt/devkitpro/devkitARM/bin/../lib/gcc/arm-none-eabi/13.2.0/../../../../arm-none-eabi/lib/thumb/libstdc++.a(guard.o)
                0x02005fe8                __gnu_cxx::__throw_concurrence_broadcast_error()
 .text.__cxa_guard_acquire
                0x02006008      0x12c /opt/devkitpro/devkitARM/bin/../lib/gcc/arm-none-eabi/13.2.0/../../../../arm-none-eabi/lib/thumb/libstdc++.a(guard.o)
                0x02006008                __cxa_guard_acquire
 .text.__cxa_guard_release
                0x02006134       0x80 /opt/devkitpro/devkitARM/bin/../lib/gcc/arm-none-eabi/13.2.0/../../../../arm-none-eabi/lib/thumb/libstdc++.a(guard.o)
                0x02006134                __cxa_guard_release
 .text._ZN9__gnu_cxx20recursive_init_errorD2Ev
                0x020061b4       0x18 /opt/devkitpro/devkitARM/bin/../lib/gcc/arm-none-eabi/13.2.0/../../../../arm-none-eabi/lib/thumb/libstdc++.a(guard_error.o)
                0x020061b4                __gnu_cxx::recursive_init_error::~recursive_init_error()
                0x020061b4                __gnu_cxx::recursive_init_error::~recursive_init_error()
 .text._ZN9__gnu_cxx20recursive_init_errorD0Ev
                0x020061cc       0x20 /opt/devkitpro/devkitARM/bin/../lib/gcc/arm-none-eabi/13.2.0/../../../../arm-none-eabi/lib/thumb/libstdc++.a(guard_error.o)
                0x020061cc                __gnu_cxx::recursive_init_error::~recursive_init_error()
 .text._ZN9__gnu_cxx20recursive_init_errorC2Ev
                0x020061ec        0xc /opt/devkitpro/devkitARM/bin/../lib/gcc/arm-none-eabi/13.2.0/../../../../arm-none-eabi/lib/thumb/libstdc++.a(guard_error.o)
                0x020061ec                __gnu_cxx::recursive_init_error::recursive_init_error()
                0x020061ec                __gnu_cxx::recursive_init_error::recursive_init_error()
 .text.__muldi3
                0x020061f8       0x64 /opt/devkitpro/devkitARM/bin/../lib/gcc/arm-none-eabi/13.2.0/thumb/libgcc.a(_muldi3.o)
                0x020061f8                __aeabi_lmul
                0x020061f8                __muldi3
 .text.selfrel_offset31
                0x0200625c       0x18 /opt/devkitpro/devkitARM/bin/../lib/gcc/arm-none-eabi/13.2.0/thumb/libgcc.a(unwind-arm.o)
 .text.search_EIT_table
                0x02006274       0x74 /opt/devkitpro/devkitARM/bin/../lib/gcc/arm-none-eabi/13.2.0/thumb/libgcc.a(unwind-arm.o)
 .text.__gnu_unwind_get_pr_addr
                0x020062e8       0x28 /opt/devkitpro/devkitARM/bin/../lib/gcc/arm-none-eabi/13.2.0/thumb/libgcc.a(unwind-arm.o)
 .text.get_eit_entry
                0x02006310       0x98 /opt/devkitpro/devkitARM/bin/../lib/gcc/arm-none-eabi/13.2.0/thumb/libgcc.a(unwind-arm.o)
 .text.restore_non_core_regs
                0x020063a8       0x60 /opt/devkitpro/devkitARM/bin/../lib/gcc/arm-none-eabi/13.2.0/thumb/libgcc.a(unwind-arm.o)
 .text._Unwind_decode_typeinfo_ptr.constprop.0
                0x02006408        0xc /opt/devkitpro/devkitARM/bin/../lib/gcc/arm-none-eabi/13.2.0/thumb/libgcc.a(unwind-arm.o)
 .text._Unwind_DebugHook
                0x02006414        0x4 /opt/devkitpro/devkitARM/bin/../lib/gcc/arm-none-eabi/13.2.0/thumb/libgcc.a(unwind-arm.o)
 .text.unwind_phase2
                0x02006418       0x40 /opt/devkitpro/devkitARM/bin/../lib/gcc/arm-none-eabi/13.2.0/thumb/libgcc.a(unwind-arm.o)
 .text.unwind_phase2_forced
                0x02006458       0xd8 /opt/devkitpro/devkitARM/bin/../lib/gcc/arm-none-eabi/13.2.0/thumb/libgcc.a(unwind-arm.o)
 .text.__gnu_Unwind_RaiseException
                0x02006530       0x58 /opt/devkitpro/devkitARM/bin/../lib/gcc/arm-none-eabi/13.2.0/thumb/libgcc.a(unwind-arm.o)
                0x02006530                __gnu_Unwind_RaiseException
 .text.__gnu_Unwind_ForcedUnwind
                0x02006588       0x18 /opt/devkitpro/devkitARM/bin/../lib/gcc/arm-none-eabi/13.2.0/thumb/libgcc.a(unwind-arm.o)
                0x02006588                __gnu_Unwind_ForcedUnwind
 .text.__gnu_Unwind_Resume
                0x020065a0       0x4c /opt/devkitpro/devkitARM/bin/../lib/gcc/arm-none-eabi/13.2.0/thumb/libgcc.a(unwind-arm.o)
                0x020065a0                __gnu_Unwind_Resume
 .text.__gnu_Unwind_Resume_or_Rethrow
                0x020065ec       0x20 /opt/devkitpro/devkitARM/bin/../lib/gcc/arm-none-eabi/13.2.0/thumb/libgcc.a(unwind-arm.o)
                0x020065ec                __gnu_Unwind_Resume_or_Rethrow
 .text._Unwind_Complete
                0x0200660c        0x4 /opt/devkitpro/devkitARM/bin/../lib/gcc/arm-none-eabi/13.2.0/thumb/libgcc.a(unwind-arm.o)
                0x0200660c                _Unwind_Complete
 .text._Unwind_DeleteException
                0x02006610       0x18 /opt/devkitpro/devkitARM/bin/../lib/gcc/arm-none-eabi/13.2.0/thumb/libgcc.a(unwind-arm.o)
                0x02006610                _Unwind_DeleteException
 .text._Unwind_VRS_Get
                0x02006628       0x44 /opt/devkitpro/devkitARM/bin/../lib/gcc/arm-none-eabi/13.2.0/thumb/libgcc.a(unwind-arm.o)
                0x02006628                _Unwind_VRS_Get
 .text._Unwind_GetGR
                0x0200666c       0x1c /opt/devkitpro/devkitARM/bin/../lib/gcc/arm-none-eabi/13.2.0/thumb/libgcc.a(unwind-arm.o)
 .text._Unwind_VRS_Set
                0x02006688       0x44 /opt/devkitpro/devkitARM/bin/../lib/gcc/arm-none-eabi/13.2.0/thumb/libgcc.a(unwind-arm.o)
                0x02006688                _Unwind_VRS_Set
 .text._Unwind_SetGR
                0x020066cc       0x1c /opt/devkitpro/devkitARM/bin/../lib/gcc/arm-none-eabi/13.2.0/thumb/libgcc.a(unwind-arm.o)
 .text.__gnu_Unwind_Backtrace
                0x020066e8       0x78 /opt/devkitpro/devkitARM/bin/../lib/gcc/arm-none-eabi/13.2.0/thumb/libgcc.a(unwind-arm.o)
                0x020066e8                __gnu_Unwind_Backtrace
 .text.__gnu_unwind_pr_common
                0x02006760      0x2e8 /opt/devkitpro/devkitARM/bin/../lib/gcc/arm-none-eabi/13.2.0/thumb/libgcc.a(unwind-arm.o)
 .text.__aeabi_unwind_cpp_pr0
                0x02006a48       0x10 /opt/devkitpro/devkitARM/bin/../lib/gcc/arm-none-eabi/13.2.0/thumb/libgcc.a(unwind-arm.o)
                0x02006a48                __aeabi_unwind_cpp_pr0
 .text.__aeabi_unwind_cpp_pr1
                0x02006a58       0x10 /opt/devkitpro/devkitARM/bin/../lib/gcc/arm-none-eabi/13.2.0/thumb/libgcc.a(unwind-arm.o)
                0x02006a58                __aeabi_unwind_cpp_pr1
 .text.__aeabi_unwind_cpp_pr2
                0x02006a68       0x10 /opt/devkitpro/devkitARM/bin/../lib/gcc/arm-none-eabi/13.2.0/thumb/libgcc.a(unwind-arm.o)
                0x02006a68                __aeabi_unwind_cpp_pr2
 .text._Unwind_VRS_Pop
                0x02006a78      0x2b4 /opt/devkitpro/devkitARM/bin/../lib/gcc/arm-none-eabi/13.2.0/thumb/libgcc.a(unwind-arm.o)
                0x02006a78                _Unwind_VRS_Pop
 .text.next_unwind_byte
                0x02006d2c       0x34 /opt/devkitpro/devkitARM/bin/../lib/gcc/arm-none-eabi/13.2.0/thumb/libgcc.a(pr-support.o)
 .text._Unwind_GetGR.constprop.0
                0x02006d60       0x1c /opt/devkitpro/devkitARM/bin/../lib/gcc/arm-none-eabi/13.2.0/thumb/libgcc.a(pr-support.o)
 .text.unwind_UCB_from_context
                0x02006d7c        0xc /opt/devkitpro/devkitARM/bin/../lib/gcc/arm-none-eabi/13.2.0/thumb/libgcc.a(pr-support.o)
 .text.__gnu_unwind_execute
                0x02006d88      0x310 /opt/devkitpro/devkitARM/bin/../lib/gcc/arm-none-eabi/13.2.0/thumb/libgcc.a(pr-support.o)
                0x02006d88                __gnu_unwind_execute
 .text.__gnu_unwind_frame
                0x02007098       0x2c /opt/devkitpro/devkitARM/bin/../lib/gcc/arm-none-eabi/13.2.0/thumb/libgcc.a(pr-support.o)
                0x02007098                __gnu_unwind_frame
 .text._Unwind_GetRegionStart
                0x020070c4       0x10 /opt/devkitpro/devkitARM/bin/../lib/gcc/arm-none-eabi/13.2.0/thumb/libgcc.a(pr-support.o)
                0x020070c4                _Unwind_GetRegionStart
 .text._Unwind_GetLanguageSpecificData
                0x020070d4       0x18 /opt/devkitpro/devkitARM/bin/../lib/gcc/arm-none-eabi/13.2.0/thumb/libgcc.a(pr-support.o)
                0x020070d4                _Unwind_GetLanguageSpecificData
 .text.unlikely._Unwind_GetDataRelBase
                0x020070ec        0x6 /opt/devkitpro/devkitARM/bin/../lib/gcc/arm-none-eabi/13.2.0/thumb/libgcc.a(pr-support.o)
                0x020070ec                _Unwind_GetDataRelBase
 .text.unlikely._Unwind_GetTextRelBase
                0x020070f2        0x6 /opt/devkitpro/devkitARM/bin/../lib/gcc/arm-none-eabi/13.2.0/thumb/libgcc.a(pr-support.o)
                0x020070f2                _Unwind_GetTextRelBase
 .text.abort    0x020070f8       0x10 /opt/devkitpro/devkitARM/bin/../lib/gcc/arm-none-eabi/13.2.0/../../../../arm-none-eabi/lib/thumb/libg.a(libc_a-abort.o)
                0x020070f8                abort
 .text.siscanf  0x02007108       0x4c /opt/devkitpro/devkitARM/bin/../lib/gcc/arm-none-eabi/13.2.0/../../../../arm-none-eabi/lib/thumb/libg.a(libc_a-siscanf.o)
                0x02007108                siscanf
 .text.calloc   0x02007154       0x18 /opt/devkitpro/devkitARM/bin/../lib/gcc/arm-none-eabi/13.2.0/../../../../arm-none-eabi/lib/thumb/libg.a(libc_a-calloc.o)
                0x02007154                calloc
 .text._calloc_r
                0x0200716c       0xb8 /opt/devkitpro/devkitARM/bin/../lib/gcc/arm-none-eabi/13.2.0/../../../../arm-none-eabi/lib/thumb/libg.a(libc_a-callocr.o)
                0x0200716c                _calloc_r
 .text.setvbuf  0x02007224      0x1a4 /opt/devkitpro/devkitARM/bin/../lib/gcc/arm-none-eabi/13.2.0/../../../../arm-none-eabi/lib/thumb/libg.a(libc_a-setvbuf.o)
                0x02007224                setvbuf
 .text.get_arg  0x020073c8       0x3e /opt/devkitpro/devkitARM/bin/../lib/gcc/arm-none-eabi/13.2.0/../../../../arm-none-eabi/lib/thumb/libg.a(libc_a-svfiscanf.o)
 .text._sungetc_r
                0x02007406       0x7e /opt/devkitpro/devkitARM/bin/../lib/gcc/arm-none-eabi/13.2.0/../../../../arm-none-eabi/lib/thumb/libg.a(libc_a-svfiscanf.o)
                0x02007406                _sungetc_r
 .text.__ssrefill_r
                0x02007484       0x42 /opt/devkitpro/devkitARM/bin/../lib/gcc/arm-none-eabi/13.2.0/../../../../arm-none-eabi/lib/thumb/libg.a(libc_a-svfiscanf.o)
                0x02007484                __ssrefill_r
 .text._sfread_r
                0x020074c6       0x88 /opt/devkitpro/devkitARM/bin/../lib/gcc/arm-none-eabi/13.2.0/../../../../arm-none-eabi/lib/thumb/libg.a(libc_a-svfiscanf.o)
                0x020074c6                _sfread_r
 *fill*         0x0200754e        0x2 ff
 .text.__ssvfiscanf_r
                0x02007550     0x1ac4 /opt/devkitpro/devkitARM/bin/../lib/gcc/arm-none-eabi/13.2.0/../../../../arm-none-eabi/lib/thumb/libg.a(libc_a-svfiscanf.o)
                0x02007550                __ssvfiscanf_r
 .text._malloc_trim_r
                0x02009014       0xac /opt/devkitpro/devkitARM/bin/../lib/gcc/arm-none-eabi/13.2.0/../../../../arm-none-eabi/lib/thumb/libg.a(libc_a-freer.o)
                0x02009014                _malloc_trim_r
 .text._free_r  0x020090c0      0x1d8 /opt/devkitpro/devkitARM/bin/../lib/gcc/arm-none-eabi/13.2.0/../../../../arm-none-eabi/lib/thumb/libg.a(libc_a-freer.o)
                0x020090c0                _free_r
 .text.iprintf  0x02009298       0x24 /opt/devkitpro/devkitARM/bin/../lib/gcc/arm-none-eabi/13.2.0/../../../../arm-none-eabi/lib/thumb/libg.a(libc_a-iprintf.o)
                0x02009298                iprintf
 .text.strchr   0x020092bc       0xc8 /opt/devkitpro/devkitARM/bin/../lib/gcc/arm-none-eabi/13.2.0/../../../../arm-none-eabi/lib/thumb/libg.a(libc_a-strchr.o)
                0x020092bc                strchr
 .text.memcmp   0x02009384       0x4c /opt/devkitpro/devkitARM/bin/../lib/gcc/arm-none-eabi/13.2.0/../../../../arm-none-eabi/lib/thumb/libg.a(libc_a-memcmp.o)
                0x02009384                memcmp
 .text._fclose_r
                0x020093d0       0xd8 /opt/devkitpro/devkitARM/bin/../lib/gcc/arm-none-eabi/13.2.0/../../../../arm-none-eabi/lib/thumb/libg.a(libc_a-fclose.o)
                0x020093d0                _fclose_r
 .text.fclose   0x020094a8       0x14 /opt/devkitpro/devkitARM/bin/../lib/gcc/arm-none-eabi/13.2.0/../../../../arm-none-eabi/lib/thumb/libg.a(libc_a-fclose.o)
                0x020094a8                fclose
 .text.malloc   0x020094bc       0x14 /opt/devkitpro/devkitARM/bin/../lib/gcc/arm-none-eabi/13.2.0/../../../../arm-none-eabi/lib/thumb/libg.a(libc_a-malloc.o)
                0x020094bc                malloc
 .text.free     0x020094d0       0x14 /opt/devkitpro/devkitARM/bin/../lib/gcc/arm-none-eabi/13.2.0/../../../../arm-none-eabi/lib/thumb/libg.a(libc_a-malloc.o)
                0x020094d0                free
 .text._malloc_r
                0x020094e4      0x558 /opt/devkitpro/devkitARM/bin/../lib/gcc/arm-none-eabi/13.2.0/../../../../arm-none-eabi/lib/thumb/libg.a(libc_a-mallocr.o)
                0x020094e4                _malloc_r
 .text.getenv   0x02009a3c       0x1c /opt/devkitpro/devkitARM/bin/../lib/gcc/arm-none-eabi/13.2.0/../../../../arm-none-eabi/lib/thumb/libg.a(libc_a-getenv.o)
                0x02009a3c                getenv
 .text._findenv_r
                0x02009a58       0x94 /opt/devkitpro/devkitARM/bin/../lib/gcc/arm-none-eabi/13.2.0/../../../../arm-none-eabi/lib/thumb/libg.a(libc_a-getenv_r.o)
                0x02009a58                _findenv_r
 .text.memset   0x02009aec       0xb0 /opt/devkitpro/devkitARM/bin/../lib/gcc/arm-none-eabi/13.2.0/../../../../arm-none-eabi/lib/thumb/libg.a(libc_a-memset.o)
                0x02009aec                memset
 .text.__malloc_lock
                0x02009b9c       0x14 /opt/devkitpro/devkitARM/bin/../lib/gcc/arm-none-eabi/13.2.0/../../../../arm-none-eabi/lib/thumb/libg.a(libc_a-mlock.o)
                0x02009b9c                __malloc_lock
 .text.__malloc_unlock
                0x02009bb0       0x14 /opt/devkitpro/devkitARM/bin/../lib/gcc/arm-none-eabi/13.2.0/../../../../arm-none-eabi/lib/thumb/libg.a(libc_a-mlock.o)
                0x02009bb0                __malloc_unlock
 .text._raise_r
                0x02009bc4       0x60 /opt/devkitpro/devkitARM/bin/../lib/gcc/arm-none-eabi/13.2.0/../../../../arm-none-eabi/lib/thumb/libg.a(libc_a-signal.o)
                0x02009bc4                _raise_r
 .text.raise    0x02009c24       0x14 /opt/devkitpro/devkitARM/bin/../lib/gcc/arm-none-eabi/13.2.0/../../../../arm-none-eabi/lib/thumb/libg.a(libc_a-signal.o)
                0x02009c24                raise
 .text.strlen   0x02009c38       0x60 /opt/devkitpro/devkitARM/bin/../lib/gcc/arm-none-eabi/13.2.0/../../../../arm-none-eabi/lib/thumb/libg.a(libc_a-strlen.o)
                0x02009c38                strlen
 .text._fopen_r
                0x02009c98       0xb8 /opt/devkitpro/devkitARM/bin/../lib/gcc/arm-none-eabi/13.2.0/../../../../arm-none-eabi/lib/thumb/libg.a(libc_a-fopen.o)
                0x02009c98                _fopen_r
 .text.fopen    0x02009d50       0x18 /opt/devkitpro/devkitARM/bin/../lib/gcc/arm-none-eabi/13.2.0/../../../../arm-none-eabi/lib/thumb/libg.a(libc_a-fopen.o)
                0x02009d50                fopen
 .text.__sflush_r
                0x02009d68      0x188 /opt/devkitpro/devkitARM/bin/../lib/gcc/arm-none-eabi/13.2.0/../../../../arm-none-eabi/lib/thumb/libg.a(libc_a-fflush.o)
                0x02009d68                __sflush_r
 .text._fflush_r
                0x02009ef0       0x70 /opt/devkitpro/devkitARM/bin/../lib/gcc/arm-none-eabi/13.2.0/../../../../arm-none-eabi/lib/thumb/libg.a(libc_a-fflush.o)
                0x02009ef0                _fflush_r
 .text.strncmp  0x02009f60       0x78 /opt/devkitpro/devkitARM/bin/../lib/gcc/arm-none-eabi/13.2.0/../../../../arm-none-eabi/lib/thumb/libg.a(libc_a-strncmp.o)
                0x02009f60                strncmp
 .text._fwalk_sglue
                0x02009fd8       0x4c /opt/devkitpro/devkitARM/bin/../lib/gcc/arm-none-eabi/13.2.0/../../../../arm-none-eabi/lib/thumb/libg.a(libc_a-fwalk.o)
                0x02009fd8                _fwalk_sglue
 .text._fread_r
                0x0200a024      0x224 /opt/devkitpro/devkitARM/bin/../lib/gcc/arm-none-eabi/13.2.0/../../../../arm-none-eabi/lib/thumb/libg.a(libc_a-fread.o)
                0x0200a024                _fread_r
 .text.fread    0x0200a248       0x24 /opt/devkitpro/devkitARM/bin/../lib/gcc/arm-none-eabi/13.2.0/../../../../arm-none-eabi/lib/thumb/libg.a(libc_a-fread.o)
                0x0200a248                fread
 .text.stdio_exit_handler
                0x0200a26c       0x20 /opt/devkitpro/devkitARM/bin/../lib/gcc/arm-none-eabi/13.2.0/../../../../arm-none-eabi/lib/thumb/libg.a(libc_a-findfp.o)
 .text.cleanup_stdio
                0x0200a28c       0x40 /opt/devkitpro/devkitARM/bin/../lib/gcc/arm-none-eabi/13.2.0/../../../../arm-none-eabi/lib/thumb/libg.a(libc_a-findfp.o)
 .text.global_stdio_init.part.0
                0x0200a2cc      0x128 /opt/devkitpro/devkitARM/bin/../lib/gcc/arm-none-eabi/13.2.0/../../../../arm-none-eabi/lib/thumb/libg.a(libc_a-findfp.o)
 .text.__sfp    0x0200a3f4       0xcc /opt/devkitpro/devkitARM/bin/../lib/gcc/arm-none-eabi/13.2.0/../../../../arm-none-eabi/lib/thumb/libg.a(libc_a-findfp.o)
                0x0200a3f4                __sfp
 .text.__sinit  0x0200a4c0       0x3c /opt/devkitpro/devkitARM/bin/../lib/gcc/arm-none-eabi/13.2.0/../../../../arm-none-eabi/lib/thumb/libg.a(libc_a-findfp.o)
                0x0200a4c0                __sinit
 .text.__sfp_lock_acquire
                0x0200a4fc       0x14 /opt/devkitpro/devkitARM/bin/../lib/gcc/arm-none-eabi/13.2.0/../../../../arm-none-eabi/lib/thumb/libg.a(libc_a-findfp.o)
                0x0200a4fc                __sfp_lock_acquire
 .text.__sfp_lock_release
                0x0200a510       0x14 /opt/devkitpro/devkitARM/bin/../lib/gcc/arm-none-eabi/13.2.0/../../../../arm-none-eabi/lib/thumb/libg.a(libc_a-findfp.o)
                0x0200a510                __sfp_lock_release
 .text.rand     0x0200a524       0x34 /opt/devkitpro/devkitARM/bin/../lib/gcc/arm-none-eabi/13.2.0/../../../../arm-none-eabi/lib/thumb/libg.a(libc_a-rand.o)
                0x0200a524                rand
 .text._fseek_r
                0x0200a558       0x18 /opt/devkitpro/devkitARM/bin/../lib/gcc/arm-none-eabi/13.2.0/../../../../arm-none-eabi/lib/thumb/libg.a(libc_a-fseek.o)
                0x0200a558                _fseek_r
 .text.fseek    0x0200a570       0x24 /opt/devkitpro/devkitARM/bin/../lib/gcc/arm-none-eabi/13.2.0/../../../../arm-none-eabi/lib/thumb/libg.a(libc_a-fseek.o)
                0x0200a570                fseek
 .text._strtol_l.part.0
                0x0200a594      0x13c /opt/devkitpro/devkitARM/bin/../lib/gcc/arm-none-eabi/13.2.0/../../../../arm-none-eabi/lib/thumb/libg.a(libc_a-strtol.o)
 .text._strtol_r
                0x0200a6d0       0x34 /opt/devkitpro/devkitARM/bin/../lib/gcc/arm-none-eabi/13.2.0/../../../../arm-none-eabi/lib/thumb/libg.a(libc_a-strtol.o)
                0x0200a6d0                _strtol_r
 .text.realloc  0x0200a704       0x18 /opt/devkitpro/devkitARM/bin/../lib/gcc/arm-none-eabi/13.2.0/../../../../arm-none-eabi/lib/thumb/libg.a(libc_a-realloc.o)
                0x0200a704                realloc
 .text._strtoul_l.isra.0
                0x0200a71c      0x144 /opt/devkitpro/devkitARM/bin/../lib/gcc/arm-none-eabi/13.2.0/../../../../arm-none-eabi/lib/thumb/libg.a(libc_a-strtoul.o)
 .text._strtoul_r
                0x0200a860       0x20 /opt/devkitpro/devkitARM/bin/../lib/gcc/arm-none-eabi/13.2.0/../../../../arm-none-eabi/lib/thumb/libg.a(libc_a-strtoul.o)
                0x0200a860                _strtoul_r
 .text.strtoul  0x0200a880       0x24 /opt/devkitpro/devkitARM/bin/../lib/gcc/arm-none-eabi/13.2.0/../../../../arm-none-eabi/lib/thumb/libg.a(libc_a-strtoul.o)
                0x0200a880                strtoul
 .text.__locale_mb_cur_max
                0x0200a8a4       0x20 /opt/devkitpro/devkitARM/bin/../lib/gcc/arm-none-eabi/13.2.0/../../../../arm-none-eabi/lib/thumb/libg.a(libc_a-locale.o)
                0x0200a8a4                __locale_mb_cur_max
 .text.__utf8_wctomb
                0x0200a8c4       0xb4 /opt/devkitpro/devkitARM/bin/../lib/gcc/arm-none-eabi/13.2.0/../../../../arm-none-eabi/lib/thumb/libg.a(libc_a-wctomb_r.o)
                0x0200a8c4                __utf8_wctomb
 .text.memcpy   0x0200a978       0x90 /opt/devkitpro/devkitARM/bin/../lib/gcc/arm-none-eabi/13.2.0/../../../../arm-none-eabi/lib/thumb/libg.a(libc_a-memcpy-stub.o)
                0x0200a978                memcpy
 .text.__sync_synchronize
                0x0200aa08        0x4 /opt/devkitpro/devkitARM/bin/../lib/gcc/arm-none-eabi/13.2.0/../../../../arm-none-eabi/lib/thumb/libg.a(libc_a-sync_synchronize.o)
                0x0200aa08                __sync_synchronize
 .text.__libc_init_array
                0x0200aa0c       0x54 /opt/devkitpro/devkitARM/bin/../lib/gcc/arm-none-eabi/13.2.0/../../../../arm-none-eabi/lib/thumb/libg.a(libc_a-init.o)
                0x0200aa0c                __libc_init_array
 .text.__errno  0x0200aa60        0xc /opt/devkitpro/devkitARM/bin/../lib/gcc/arm-none-eabi/13.2.0/../../../../arm-none-eabi/lib/thumb/libg.a(libc_a-errno.o)
                0x0200aa60                __errno
 .text._strtoll_l.isra.0
                0x0200aa6c      0x19c /opt/devkitpro/devkitARM/bin/../lib/gcc/arm-none-eabi/13.2.0/../../../../arm-none-eabi/lib/thumb/libg.a(libc_a-strtoll.o)
 .text._strtoll_r
                0x0200ac08       0x20 /opt/devkitpro/devkitARM/bin/../lib/gcc/arm-none-eabi/13.2.0/../../../../arm-none-eabi/lib/thumb/libg.a(libc_a-strtoll.o)
                0x0200ac08                _strtoll_r
 .text._strtoull_l.isra.0
                0x0200ac28      0x1c4 /opt/devkitpro/devkitARM/bin/../lib/gcc/arm-none-eabi/13.2.0/../../../../arm-none-eabi/lib/thumb/libg.a(libc_a-strtoull.o)
 .text._strtoull_r
                0x0200adec       0x20 /opt/devkitpro/devkitARM/bin/../lib/gcc/arm-none-eabi/13.2.0/../../../../arm-none-eabi/lib/thumb/libg.a(libc_a-strtoull.o)
                0x0200adec                _strtoull_r
 .text.iswspace
                0x0200ae0c       0x10 /opt/devkitpro/devkitARM/bin/../lib/gcc/arm-none-eabi/13.2.0/../../../../arm-none-eabi/lib/thumb/libg.a(libc_a-iswspace.o)
                0x0200ae0c                iswspace
 .text._mbrtowc_r
                0x0200ae1c       0x90 /opt/devkitpro/devkitARM/bin/../lib/gcc/arm-none-eabi/13.2.0/../../../../arm-none-eabi/lib/thumb/libg.a(libc_a-mbrtowc.o)
                0x0200ae1c                _mbrtowc_r
 .text.__smakebuf_r
                0x0200aeac       0xe8 /opt/devkitpro/devkitARM/bin/../lib/gcc/arm-none-eabi/13.2.0/../../../../arm-none-eabi/lib/thumb/libg.a(libc_a-makebuf.o)
                0x0200aeac                __smakebuf_r
 .text.__swhatbuf_r
                0x0200af94       0x5c /opt/devkitpro/devkitARM/bin/../lib/gcc/arm-none-eabi/13.2.0/../../../../arm-none-eabi/lib/thumb/libg.a(libc_a-makebuf.o)
                0x0200af94                __swhatbuf_r
 .text.iswspace_l
                0x0200aff0       0x28 /opt/devkitpro/devkitARM/bin/../lib/gcc/arm-none-eabi/13.2.0/../../../../arm-none-eabi/lib/thumb/libg.a(libc_a-iswspace_l.o)
                0x0200aff0                iswspace_l
 .text.__sccl   0x0200b018       0xa0 /opt/devkitpro/devkitARM/bin/../lib/gcc/arm-none-eabi/13.2.0/../../../../arm-none-eabi/lib/thumb/libg.a(libc_a-sccl.o)
                0x0200b018                __sccl
 .text.lflush   0x0200b0b8       0x24 /opt/devkitpro/devkitARM/bin/../lib/gcc/arm-none-eabi/13.2.0/../../../../arm-none-eabi/lib/thumb/libg.a(libc_a-refill.o)
 .text.__srefill_r
                0x0200b0dc      0x10c /opt/devkitpro/devkitARM/bin/../lib/gcc/arm-none-eabi/13.2.0/../../../../arm-none-eabi/lib/thumb/libg.a(libc_a-refill.o)
                0x0200b0dc                __srefill_r
 .text.__submore
                0x0200b1e8       0x88 /opt/devkitpro/devkitARM/bin/../lib/gcc/arm-none-eabi/13.2.0/../../../../arm-none-eabi/lib/thumb/libg.a(libc_a-ungetc.o)
                0x0200b1e8                __submore
 .text.__sread  0x0200b270       0x34 /opt/devkitpro/devkitARM/bin/../lib/gcc/arm-none-eabi/13.2.0/../../../../arm-none-eabi/lib/thumb/libg.a(libc_a-stdio.o)
                0x0200b270                __sread
 .text.__seofread
                0x0200b2a4        0x4 /opt/devkitpro/devkitARM/bin/../lib/gcc/arm-none-eabi/13.2.0/../../../../arm-none-eabi/lib/thumb/libg.a(libc_a-stdio.o)
                0x0200b2a4                __seofread
 .text.__swrite
                0x0200b2a8       0x4c /opt/devkitpro/devkitARM/bin/../lib/gcc/arm-none-eabi/13.2.0/../../../../arm-none-eabi/lib/thumb/libg.a(libc_a-stdio.o)
                0x0200b2a8                __swrite
 .text.__sseek  0x0200b2f4       0x44 /opt/devkitpro/devkitARM/bin/../lib/gcc/arm-none-eabi/13.2.0/../../../../arm-none-eabi/lib/thumb/libg.a(libc_a-stdio.o)
                0x0200b2f4                __sseek
 .text.__sclose
                0x0200b338       0x10 /opt/devkitpro/devkitARM/bin/../lib/gcc/arm-none-eabi/13.2.0/../../../../arm-none-eabi/lib/thumb/libg.a(libc_a-stdio.o)
                0x0200b338                __sclose
 .text.category
                0x0200b348       0x58 /opt/devkitpro/devkitARM/bin/../lib/gcc/arm-none-eabi/13.2.0/../../../../arm-none-eabi/lib/thumb/libg.a(libc_a-categories.o)
                0x0200b348                category
 .text.__env_lock
                0x0200b3a0       0x14 /opt/devkitpro/devkitARM/bin/../lib/gcc/arm-none-eabi/13.2.0/../../../../arm-none-eabi/lib/thumb/libg.a(libc_a-envlock.o)
                0x0200b3a0                __env_lock
 .text.__env_unlock
                0x0200b3b4       0x14 /opt/devkitpro/devkitARM/bin/../lib/gcc/arm-none-eabi/13.2.0/../../../../arm-none-eabi/lib/thumb/libg.a(libc_a-envlock.o)
                0x0200b3b4                __env_unlock
 .text.get_arg  0x0200b3c8      0x434 /opt/devkitpro/devkitARM/bin/../lib/gcc/arm-none-eabi/13.2.0/../../../../arm-none-eabi/lib/thumb/libg.a(libc_a-vfiprintf.o)
 .text.__sprint_r
                0x0200b7fc       0x24 /opt/devkitpro/devkitARM/bin/../lib/gcc/arm-none-eabi/13.2.0/../../../../arm-none-eabi/lib/thumb/libg.a(libc_a-vfiprintf.o)
                0x0200b7fc                __sprint_r
 .text._vfiprintf_r
                0x0200b820     0x17cc /opt/devkitpro/devkitARM/bin/../lib/gcc/arm-none-eabi/13.2.0/../../../../arm-none-eabi/lib/thumb/libg.a(libc_a-vfiprintf.o)
                0x0200b820                _vfiprintf_r
 .text.__sbprintf
                0x0200cfec       0x7c /opt/devkitpro/devkitARM/bin/../lib/gcc/arm-none-eabi/13.2.0/../../../../arm-none-eabi/lib/thumb/libg.a(libc_a-vfiprintf.o)
 .text.__swsetup_r
                0x0200d068       0xcc /opt/devkitpro/devkitARM/bin/../lib/gcc/arm-none-eabi/13.2.0/../../../../arm-none-eabi/lib/thumb/libg.a(libc_a-wsetup.o)
                0x0200d068                __swsetup_r
 .text.memmove  0x0200d134       0xbc /opt/devkitpro/devkitARM/bin/../lib/gcc/arm-none-eabi/13.2.0/../../../../arm-none-eabi/lib/thumb/libg.a(libc_a-memmove.o)
                0x0200d134                memmove
 .text._fseeko_r
                0x0200d1f0      0x414 /opt/devkitpro/devkitARM/bin/../lib/gcc/arm-none-eabi/13.2.0/../../../../arm-none-eabi/lib/thumb/libg.a(libc_a-fseeko.o)
                0x0200d1f0                _fseeko_r
 .text.__sflags
                0x0200d604       0xa4 /opt/devkitpro/devkitARM/bin/../lib/gcc/arm-none-eabi/13.2.0/../../../../arm-none-eabi/lib/thumb/libg.a(libc_a-flags.o)
                0x0200d604                __sflags
 .text.__sfvwrite_r
                0x0200d6a8      0x330 /opt/devkitpro/devkitARM/bin/../lib/gcc/arm-none-eabi/13.2.0/../../../../arm-none-eabi/lib/thumb/libg.a(libc_a-fvwrite.o)
                0x0200d6a8                __sfvwrite_r
 .text._realloc_r
                0x0200d9d8      0x384 /opt/devkitpro/devkitARM/bin/../lib/gcc/arm-none-eabi/13.2.0/../../../../arm-none-eabi/lib/thumb/libg.a(libc_a-reallocr.o)
                0x0200d9d8                _realloc_r
 .text.strncpy  0x0200dd5c       0x68 /opt/devkitpro/devkitARM/bin/../lib/gcc/arm-none-eabi/13.2.0/../../../../arm-none-eabi/lib/thumb/libg.a(libc_a-strncpy.o)
                0x0200dd5c                strncpy
 .text.__utf8_mbtowc
                0x0200ddc4      0x27c /opt/devkitpro/devkitARM/bin/../lib/gcc/arm-none-eabi/13.2.0/../../../../arm-none-eabi/lib/thumb/libg.a(libc_a-mbtowc_r.o)
                0x0200ddc4                __utf8_mbtowc
 .text._localeconv_r
                0x0200e040       0x1c /opt/devkitpro/devkitARM/bin/../lib/gcc/arm-none-eabi/13.2.0/../../../../arm-none-eabi/lib/thumb/libg.a(libc_a-localeconv.o)
                0x0200e040                _localeconv_r
 .text.memchr   0x0200e05c       0x78 /opt/devkitpro/devkitARM/bin/../lib/gcc/arm-none-eabi/13.2.0/../../../../arm-none-eabi/lib/thumb/libg.a(libc_a-memchr-stub.o)
                0x0200e05c                memchr
 .text._wcrtomb_r
                0x0200e0d4       0x84 /opt/devkitpro/devkitARM/bin/../lib/gcc/arm-none-eabi/13.2.0/../../../../arm-none-eabi/lib/thumb/libg.a(libc_a-wcrtomb.o)
                0x0200e0d4                _wcrtomb_r
 .text._wcsrtombs_r
                0x0200e158       0x1c /opt/devkitpro/devkitARM/bin/../lib/gcc/arm-none-eabi/13.2.0/../../../../arm-none-eabi/lib/thumb/libg.a(libc_a-wcsrtombs.o)
                0x0200e158                _wcsrtombs_r
 .text._wcsnrtombs_l
                0x0200e174      0x11c /opt/devkitpro/devkitARM/bin/../lib/gcc/arm-none-eabi/13.2.0/../../../../arm-none-eabi/lib/thumb/libg.a(libc_a-wcsnrtombs.o)
                0x0200e174                _wcsnrtombs_l
 .text._wcsnrtombs_r
                0x0200e290       0x40 /opt/devkitpro/devkitARM/bin/../lib/gcc/arm-none-eabi/13.2.0/../../../../arm-none-eabi/lib/thumb/libg.a(libc_a-wcsnrtombs.o)
                0x0200e290                _wcsnrtombs_r
 .text._exit    0x0200e2d0       0x14 /opt/devkitpro/devkitARM/bin/../lib/gcc/arm-none-eabi/13.2.0/../../../../arm-none-eabi/lib/thumb/libsysbase.a(libsysbase_libsysbase_a-_exit.o)
                0x0200e2d0                _exit
 .text.build_argv
                0x0200e2e4       0x54 /opt/devkitpro/devkitARM/bin/../lib/gcc/arm-none-eabi/13.2.0/../../../../arm-none-eabi/lib/thumb/libsysbase.a(libsysbase_libsysbase_a-build_argv.o)
                0x0200e2e4                build_argv
 .text._fstat_r
                0x0200e338       0x4c /opt/devkitpro/devkitARM/bin/../lib/gcc/arm-none-eabi/13.2.0/../../../../arm-none-eabi/lib/thumb/libsysbase.a(libsysbase_libsysbase_a-fstat.o)
                0x0200e338                _fstat_r
 .text._getpid_r
                0x0200e384        0xc /opt/devkitpro/devkitARM/bin/../lib/gcc/arm-none-eabi/13.2.0/../../../../arm-none-eabi/lib/thumb/libsysbase.a(libsysbase_libsysbase_a-getpid.o)
                0x0200e384                _getpid_r
 .text.__getreent
                0x0200e390       0x20 /opt/devkitpro/devkitARM/bin/../lib/gcc/arm-none-eabi/13.2.0/../../../../arm-none-eabi/lib/thumb/libsysbase.a(libsysbase_libsysbase_a-getreent.o)
                0x0200e390                __getreent
 .text.__release_handle
                0x0200e3b0       0x68 /opt/devkitpro/devkitARM/bin/../lib/gcc/arm-none-eabi/13.2.0/../../../../arm-none-eabi/lib/thumb/libsysbase.a(libsysbase_libsysbase_a-handle_manager.o)
                0x0200e3b0                __release_handle
 .text.__alloc_handle
                0x0200e418       0x7c /opt/devkitpro/devkitARM/bin/../lib/gcc/arm-none-eabi/13.2.0/../../../../arm-none-eabi/lib/thumb/libsysbase.a(libsysbase_libsysbase_a-handle_manager.o)
                0x0200e418                __alloc_handle
 .text.__get_handle
                0x0200e494       0x34 /opt/devkitpro/devkitARM/bin/../lib/gcc/arm-none-eabi/13.2.0/../../../../arm-none-eabi/lib/thumb/libsysbase.a(libsysbase_libsysbase_a-handle_manager.o)
                0x0200e494                __get_handle
 .text._close_r
                0x0200e4c8       0xb8 /opt/devkitpro/devkitARM/bin/../lib/gcc/arm-none-eabi/13.2.0/../../../../arm-none-eabi/lib/thumb/libsysbase.a(libsysbase_libsysbase_a-handle_manager.o)
                0x0200e4c8                _close_r
 .text.null_write
                0x0200e580        0x4 /opt/devkitpro/devkitARM/bin/../lib/gcc/arm-none-eabi/13.2.0/../../../../arm-none-eabi/lib/thumb/libsysbase.a(libsysbase_libsysbase_a-iosupport.o)
 .text.FindDevice
                0x0200e584       0x98 /opt/devkitpro/devkitARM/bin/../lib/gcc/arm-none-eabi/13.2.0/../../../../arm-none-eabi/lib/thumb/libsysbase.a(libsysbase_libsysbase_a-iosupport.o)
                0x0200e584                FindDevice
 .text._isatty_r
                0x0200e61c        0x4 /opt/devkitpro/devkitARM/bin/../lib/gcc/arm-none-eabi/13.2.0/../../../../arm-none-eabi/lib/thumb/libsysbase.a(libsysbase_libsysbase_a-isatty.o)
                0x0200e61c                _isatty_r
 .text._kill_r  0x0200e620        0xc /opt/devkitpro/devkitARM/bin/../lib/gcc/arm-none-eabi/13.2.0/../../../../arm-none-eabi/lib/thumb/libsysbase.a(libsysbase_libsysbase_a-kill.o)
                0x0200e620                _kill_r
 .text._lseek_r
                0x0200e62c       0x5c /opt/devkitpro/devkitARM/bin/../lib/gcc/arm-none-eabi/13.2.0/../../../../arm-none-eabi/lib/thumb/libsysbase.a(libsysbase_libsysbase_a-lseek.o)
                0x0200e62c                _lseek_r
 .text._open_r  0x0200e688       0x98 /opt/devkitpro/devkitARM/bin/../lib/gcc/arm-none-eabi/13.2.0/../../../../arm-none-eabi/lib/thumb/libsysbase.a(libsysbase_libsysbase_a-open.o)
                0x0200e688                _open_r
 .text._read_r  0x0200e720       0x50 /opt/devkitpro/devkitARM/bin/../lib/gcc/arm-none-eabi/13.2.0/../../../../arm-none-eabi/lib/thumb/libsysbase.a(libsysbase_libsysbase_a-read.o)
                0x0200e720                _read_r
 .text._sbrk_r  0x0200e770       0x54 /opt/devkitpro/devkitARM/bin/../lib/gcc/arm-none-eabi/13.2.0/../../../../arm-none-eabi/lib/thumb/libsysbase.a(libsysbase_libsysbase_a-sbrk.o)
                0x0200e770                _sbrk_r
 .text.__libc_lock_acquire
                0x0200e7c4       0x18 /opt/devkitpro/devkitARM/bin/../lib/gcc/arm-none-eabi/13.2.0/../../../../arm-none-eabi/lib/thumb/libsysbase.a(libsysbase_libsysbase_a-syscall_support.o)
                0x0200e7c4                __libc_lock_acquire
 .text.__libc_lock_release
                0x0200e7dc       0x18 /opt/devkitpro/devkitARM/bin/../lib/gcc/arm-none-eabi/13.2.0/../../../../arm-none-eabi/lib/thumb/libsysbase.a(libsysbase_libsysbase_a-syscall_support.o)
                0x0200e7dc                __libc_lock_release
 .text.__libc_lock_acquire_recursive
                0x0200e7f4       0x18 /opt/devkitpro/devkitARM/bin/../lib/gcc/arm-none-eabi/13.2.0/../../../../arm-none-eabi/lib/thumb/libsysbase.a(libsysbase_libsysbase_a-syscall_support.o)
                0x0200e7f4                __libc_lock_acquire_recursive
 .text.__libc_lock_release_recursive
                0x0200e80c       0x18 /opt/devkitpro/devkitARM/bin/../lib/gcc/arm-none-eabi/13.2.0/../../../../arm-none-eabi/lib/thumb/libsysbase.a(libsysbase_libsysbase_a-syscall_support.o)
                0x0200e80c                __libc_lock_release_recursive
 .text._write_r
                0x0200e824       0x50 /opt/devkitpro/devkitARM/bin/../lib/gcc/arm-none-eabi/13.2.0/../../../../arm-none-eabi/lib/thumb/libsysbase.a(libsysbase_libsysbase_a-write.o)
                0x0200e824                _write_r
 .text.__udivmoddi4
                0x0200e874      0x19c /opt/devkitpro/devkitARM/bin/../lib/gcc/arm-none-eabi/13.2.0/thumb/libgcc.a(_udivmoddi4.o)
                0x0200e874                __udivmoddi4
 .text.__udivmoddi4.__stub
                0x0200ea10      0x108 linker stubs
 *(EXCLUDE_FILE(*.twl*) .gnu.warning)
 *(EXCLUDE_FILE(*.twl*) .gnu.linkonce.t*)
 *(.glue_7)
 .glue_7        0x0200eb28        0x0 linker stubs
 *(.glue_7t)
 .glue_7t       0x0200eb28        0x0 linker stubs
                0x0200eb28                        . = ALIGN (0x4)

.vfp11_veneer   0x0200eb28        0x0
 .vfp11_veneer  0x0200eb28        0x0 linker stubs

.v4_bx          0x0200eb28        0x0
 .v4_bx         0x0200eb28        0x0 linker stubs

.iplt           0x0200eb28        0x0
 .iplt          0x0200eb28        0x0 /opt/devkitpro/devkitARM/bin/../lib/gcc/arm-none-eabi/13.2.0/../../../../arm-none-eabi/lib/thumb/ds_arm9_crt0.o

.fini           0x0200eb28        0xc
 *(.fini)
 .fini          0x0200eb28        0x4 /opt/devkitpro/devkitARM/bin/../lib/gcc/arm-none-eabi/13.2.0/thumb/crti.o
                0x0200eb28                _fini
 .fini          0x0200eb2c        0x8 /opt/devkitpro/devkitARM/bin/../lib/gcc/arm-none-eabi/13.2.0/thumb/crtn.o
                0x0200eb34                        __text_end = .

.rodata         0x0200eb34     0x6ef0
 *(EXCLUDE_FILE(*.twl*) .rodata)
 .rodata        0x0200eb34      0xc20 font.o
                0x0200eb34                fontTiles
                0x0200f734                fontPal
 *all.rodata*(*)
 *(EXCLUDE_FILE(*.twl*) .roda)
 *(EXCLUDE_FILE(*.twl*) .rodata.*)
 .rodata.str1.4
                0x0200f754      0x1dc main.o
                                 0x3a (size before relaxing)
 .rodata.SIN_LUT
                0x0200f930      0x102 /opt/devkitpro/libnds/lib/libnds9.a(trig.o)
                0x0200f930                SIN_LUT
 *fill*         0x0200fa32        0x2 ff
 .rodata.TAN_LUT
                0x0200fa34      0x204 /opt/devkitpro/libnds/lib/libnds9.a(trig.o)
                0x0200fa34                TAN_LUT
 .rodata.con_write.str1.4
                0x0200fc38       0x30 /opt/devkitpro/libnds/lib/libnds9.a(console.o)
 .rodata.con_write
                0x0200fc38       0xd4 /opt/devkitpro/libnds/lib/libnds9.a(console.o)
 .rodata.str1.4
                0x0200fd0c       0x14 /opt/devkitpro/libnds/lib/libnds9.a(console.o)
 .rodata.dotab_stdout
                0x0200fd0c       0x70 /opt/devkitpro/libnds/lib/libnds9.a(console.o)
 .rodata.glMaterialf
                0x0200fd7c       0x44 /opt/devkitpro/libnds/lib/libnds9.a(videoGL.o)
 .rodata.default_font_bin
                0x0200fdc0     0x2000 /opt/devkitpro/libnds/lib/libnds9.a(default_font.bin.o)
                0x0200fdc0                default_font_bin
                0x02011dc0                default_font_bin_end
 .rodata._ZNKSt9bad_alloc4whatEv.str1.4
                0x02011dc0        0xf /opt/devkitpro/devkitARM/bin/../lib/gcc/arm-none-eabi/13.2.0/../../../../arm-none-eabi/lib/thumb/libstdc++.a(bad_alloc.o)
 .rodata._ZTSSt9bad_alloc
                0x02011dc0        0xd /opt/devkitpro/devkitARM/bin/../lib/gcc/arm-none-eabi/13.2.0/../../../../arm-none-eabi/lib/thumb/libstdc++.a(bad_alloc.o)
                0x02011dc0                typeinfo name for std::bad_alloc
 *fill*         0x02011dcd        0x3 ff
 .rodata._ZTISt9bad_alloc
                0x02011dd0        0xc /opt/devkitpro/devkitARM/bin/../lib/gcc/arm-none-eabi/13.2.0/../../../../arm-none-eabi/lib/thumb/libstdc++.a(bad_alloc.o)
                0x02011dd0                typeinfo for std::bad_alloc
 .rodata._ZTVSt9bad_alloc
                0x02011ddc       0x14 /opt/devkitpro/devkitARM/bin/../lib/gcc/arm-none-eabi/13.2.0/../../../../arm-none-eabi/lib/thumb/libstdc++.a(bad_alloc.o)
                0x02011ddc                vtable for std::bad_alloc
 .rodata._ZNK9__gnu_cxx24__concurrence_lock_error4whatEv.str1.4
                0x02011df0       0x24 /opt/devkitpro/devkitARM/bin/../lib/gcc/arm-none-eabi/13.2.0/../../../../arm-none-eabi/lib/thumb/libstdc++.a(eh_alloc.o)
 .rodata._ZNK9__gnu_cxx26__concurrence_unlock_error4whatEv.str1.4
                0x02011df0       0x26 /opt/devkitpro/devkitARM/bin/../lib/gcc/arm-none-eabi/13.2.0/../../../../arm-none-eabi/lib/thumb/libstdc++.a(eh_alloc.o)
 .rodata._GLOBAL__sub_I__ZN9__gnu_cxx9__freeresEv.str1.4
                0x02011df0       0x3c /opt/devkitpro/devkitARM/bin/../lib/gcc/arm-none-eabi/13.2.0/../../../../arm-none-eabi/lib/thumb/libstdc++.a(eh_alloc.o)
 .rodata._ZTSN9__gnu_cxx24__concurrence_lock_errorE
                0x02011df0       0x27 /opt/devkitpro/devkitARM/bin/../lib/gcc/arm-none-eabi/13.2.0/../../../../arm-none-eabi/lib/thumb/libstdc++.a(eh_alloc.o)
                0x02011df0                typeinfo name for __gnu_cxx::__concurrence_lock_error
 *fill*         0x02011e17        0x1 ff
 .rodata._ZTIN9__gnu_cxx24__concurrence_lock_errorE
                0x02011e18        0xc /opt/devkitpro/devkitARM/bin/../lib/gcc/arm-none-eabi/13.2.0/../../../../arm-none-eabi/lib/thumb/libstdc++.a(eh_alloc.o)
                0x02011e18                typeinfo for __gnu_cxx::__concurrence_lock_error
 .rodata._ZTSN9__gnu_cxx26__concurrence_unlock_errorE
                0x02011e24       0x29 /opt/devkitpro/devkitARM/bin/../lib/gcc/arm-none-eabi/13.2.0/../../../../arm-none-eabi/lib/thumb/libstdc++.a(eh_alloc.o)
                0x02011e24                typeinfo name for __gnu_cxx::__concurrence_unlock_error
 *fill*         0x02011e4d        0x3 ff
 .rodata._ZTIN9__gnu_cxx26__concurrence_unlock_errorE
                0x02011e50        0xc /opt/devkitpro/devkitARM/bin/../lib/gcc/arm-none-eabi/13.2.0/../../../../arm-none-eabi/lib/thumb/libstdc++.a(eh_alloc.o)
                0x02011e50                typeinfo for __gnu_cxx::__concurrence_unlock_error
 .rodata._ZTVN9__gnu_cxx24__concurrence_lock_errorE
                0x02011e5c       0x14 /opt/devkitpro/devkitARM/bin/../lib/gcc/arm-none-eabi/13.2.0/../../../../arm-none-eabi/lib/thumb/libstdc++.a(eh_alloc.o)
                0x02011e5c                vtable for __gnu_cxx::__concurrence_lock_error
 .rodata._ZTVN9__gnu_cxx26__concurrence_unlock_errorE
                0x02011e70       0x14 /opt/devkitpro/devkitARM/bin/../lib/gcc/arm-none-eabi/13.2.0/../../../../arm-none-eabi/lib/thumb/libstdc++.a(eh_alloc.o)
                0x02011e70                vtable for __gnu_cxx::__concurrence_unlock_error
 .rodata._ZNKSt9exception4whatEv.str1.4
                0x02011e84        0xf /opt/devkitpro/devkitARM/bin/../lib/gcc/arm-none-eabi/13.2.0/../../../../arm-none-eabi/lib/thumb/libstdc++.a(eh_exception.o)
 .rodata._ZNKSt13bad_exception4whatEv.str1.4
                0x02011e84       0x13 /opt/devkitpro/devkitARM/bin/../lib/gcc/arm-none-eabi/13.2.0/../../../../arm-none-eabi/lib/thumb/libstdc++.a(eh_exception.o)
 .rodata._ZTSSt9exception
                0x02011e84        0xd /opt/devkitpro/devkitARM/bin/../lib/gcc/arm-none-eabi/13.2.0/../../../../arm-none-eabi/lib/thumb/libstdc++.a(eh_exception.o)
                0x02011e84                typeinfo name for std::exception
 *fill*         0x02011e91        0x3 ff
 .rodata._ZTISt9exception
                0x02011e94        0x8 /opt/devkitpro/devkitARM/bin/../lib/gcc/arm-none-eabi/13.2.0/../../../../arm-none-eabi/lib/thumb/libstdc++.a(eh_exception.o)
                0x02011e94                typeinfo for std::exception
 .rodata._ZTSSt13bad_exception
                0x02011e9c       0x12 /opt/devkitpro/devkitARM/bin/../lib/gcc/arm-none-eabi/13.2.0/../../../../arm-none-eabi/lib/thumb/libstdc++.a(eh_exception.o)
                0x02011e9c                typeinfo name for std::bad_exception
 *fill*         0x02011eae        0x2 ff
 .rodata._ZTISt13bad_exception
                0x02011eb0        0xc /opt/devkitpro/devkitARM/bin/../lib/gcc/arm-none-eabi/13.2.0/../../../../arm-none-eabi/lib/thumb/libstdc++.a(eh_exception.o)
                0x02011eb0                typeinfo for std::bad_exception
 .rodata._ZTSN10__cxxabiv115__forced_unwindE
                0x02011ebc       0x20 /opt/devkitpro/devkitARM/bin/../lib/gcc/arm-none-eabi/13.2.0/../../../../arm-none-eabi/lib/thumb/libstdc++.a(eh_exception.o)
                0x02011ebc                typeinfo name for __cxxabiv1::__forced_unwind
 .rodata._ZTIN10__cxxabiv115__forced_unwindE
                0x02011edc        0x8 /opt/devkitpro/devkitARM/bin/../lib/gcc/arm-none-eabi/13.2.0/../../../../arm-none-eabi/lib/thumb/libstdc++.a(eh_exception.o)
                0x02011edc                typeinfo for __cxxabiv1::__forced_unwind
 .rodata._ZTSN10__cxxabiv119__foreign_exceptionE
                0x02011ee4       0x24 /opt/devkitpro/devkitARM/bin/../lib/gcc/arm-none-eabi/13.2.0/../../../../arm-none-eabi/lib/thumb/libstdc++.a(eh_exception.o)
                0x02011ee4                typeinfo name for __cxxabiv1::__foreign_exception
 .rodata._ZTIN10__cxxabiv119__foreign_exceptionE
                0x02011f08        0x8 /opt/devkitpro/devkitARM/bin/../lib/gcc/arm-none-eabi/13.2.0/../../../../arm-none-eabi/lib/thumb/libstdc++.a(eh_exception.o)
                0x02011f08                typeinfo for __cxxabiv1::__foreign_exception
 .rodata._ZTVSt13bad_exception
                0x02011f10       0x14 /opt/devkitpro/devkitARM/bin/../lib/gcc/arm-none-eabi/13.2.0/../../../../arm-none-eabi/lib/thumb/libstdc++.a(eh_exception.o)
                0x02011f10                vtable for std::bad_exception
 .rodata._ZL28read_encoded_value_with_basehjPKhPj
                0x02011f24       0x34 /opt/devkitpro/devkitARM/bin/../lib/gcc/arm-none-eabi/13.2.0/../../../../arm-none-eabi/lib/thumb/libstdc++.a(eh_personality.o)
 .rodata._ZTSN10__cxxabiv120__si_class_type_infoE
                0x02011f58       0x25 /opt/devkitpro/devkitARM/bin/../lib/gcc/arm-none-eabi/13.2.0/../../../../arm-none-eabi/lib/thumb/libstdc++.a(si_class_type_info.o)
                0x02011f58                typeinfo name for __cxxabiv1::__si_class_type_info
 *fill*         0x02011f7d        0x3 ff
 .rodata._ZTIN10__cxxabiv120__si_class_type_infoE
                0x02011f80        0xc /opt/devkitpro/devkitARM/bin/../lib/gcc/arm-none-eabi/13.2.0/../../../../arm-none-eabi/lib/thumb/libstdc++.a(si_class_type_info.o)
                0x02011f80                typeinfo for __cxxabiv1::__si_class_type_info
 .rodata._ZTVN10__cxxabiv120__si_class_type_infoE
                0x02011f8c       0x2c /opt/devkitpro/devkitARM/bin/../lib/gcc/arm-none-eabi/13.2.0/../../../../arm-none-eabi/lib/thumb/libstdc++.a(si_class_type_info.o)
                0x02011f8c                vtable for __cxxabiv1::__si_class_type_info
 .rodata._ZTSSt9type_info
                0x02011fb8        0xd /opt/devkitpro/devkitARM/bin/../lib/gcc/arm-none-eabi/13.2.0/../../../../arm-none-eabi/lib/thumb/libstdc++.a(tinfo.o)
                0x02011fb8                typeinfo name for std::type_info
 *fill*         0x02011fc5        0x3 ff
 .rodata._ZTISt9type_info
                0x02011fc8        0x8 /opt/devkitpro/devkitARM/bin/../lib/gcc/arm-none-eabi/13.2.0/../../../../arm-none-eabi/lib/thumb/libstdc++.a(tinfo.o)
                0x02011fc8                typeinfo for std::type_info
 .rodata._ZTSN10__cxxabiv117__class_type_infoE
                0x02011fd0       0x22 /opt/devkitpro/devkitARM/bin/../lib/gcc/arm-none-eabi/13.2.0/../../../../arm-none-eabi/lib/thumb/libstdc++.a(class_type_info.o)
                0x02011fd0                typeinfo name for __cxxabiv1::__class_type_info
 *fill*         0x02011ff2        0x2 ff
 .rodata._ZTIN10__cxxabiv117__class_type_infoE
                0x02011ff4        0xc /opt/devkitpro/devkitARM/bin/../lib/gcc/arm-none-eabi/13.2.0/../../../../arm-none-eabi/lib/thumb/libstdc++.a(class_type_info.o)
                0x02011ff4                typeinfo for __cxxabiv1::__class_type_info
 .rodata._ZTVN10__cxxabiv117__class_type_infoE
                0x02012000       0x2c /opt/devkitpro/devkitARM/bin/../lib/gcc/arm-none-eabi/13.2.0/../../../../arm-none-eabi/lib/thumb/libstdc++.a(class_type_info.o)
                0x02012000                vtable for __cxxabiv1::__class_type_info
 .rodata._ZNK9__gnu_cxx29__concurrence_broadcast_error4whatEv.str1.4
                0x0201202c       0x29 /opt/devkitpro/devkitARM/bin/../lib/gcc/arm-none-eabi/13.2.0/../../../../arm-none-eabi/lib/thumb/libstdc++.a(guard.o)
 .rodata._ZNK9__gnu_cxx24__concurrence_wait_error4whatEv.str1.4
                0x0201202c       0x24 /opt/devkitpro/devkitARM/bin/../lib/gcc/arm-none-eabi/13.2.0/../../../../arm-none-eabi/lib/thumb/libstdc++.a(guard.o)
 .rodata._ZTSN9__gnu_cxx29__concurrence_broadcast_errorE
                0x0201202c       0x2c /opt/devkitpro/devkitARM/bin/../lib/gcc/arm-none-eabi/13.2.0/../../../../arm-none-eabi/lib/thumb/libstdc++.a(guard.o)
                0x0201202c                typeinfo name for __gnu_cxx::__concurrence_broadcast_error
 .rodata._ZTIN9__gnu_cxx29__concurrence_broadcast_errorE
                0x02012058        0xc /opt/devkitpro/devkitARM/bin/../lib/gcc/arm-none-eabi/13.2.0/../../../../arm-none-eabi/lib/thumb/libstdc++.a(guard.o)
                0x02012058                typeinfo for __gnu_cxx::__concurrence_broadcast_error
 .rodata._ZTSN9__gnu_cxx24__concurrence_wait_errorE
                0x02012064       0x27 /opt/devkitpro/devkitARM/bin/../lib/gcc/arm-none-eabi/13.2.0/../../../../arm-none-eabi/lib/thumb/libstdc++.a(guard.o)
                0x02012064                typeinfo name for __gnu_cxx::__concurrence_wait_error
 *fill*         0x0201208b        0x1 ff
 .rodata._ZTIN9__gnu_cxx24__concurrence_wait_errorE
                0x0201208c        0xc /opt/devkitpro/devkitARM/bin/../lib/gcc/arm-none-eabi/13.2.0/../../../../arm-none-eabi/lib/thumb/libstdc++.a(guard.o)
                0x0201208c                typeinfo for __gnu_cxx::__concurrence_wait_error
 .rodata._ZTVN9__gnu_cxx29__concurrence_broadcast_errorE
                0x02012098       0x14 /opt/devkitpro/devkitARM/bin/../lib/gcc/arm-none-eabi/13.2.0/../../../../arm-none-eabi/lib/thumb/libstdc++.a(guard.o)
                0x02012098                vtable for __gnu_cxx::__concurrence_broadcast_error
 .rodata._ZTVN9__gnu_cxx24__concurrence_wait_errorE
                0x020120ac       0x14 /opt/devkitpro/devkitARM/bin/../lib/gcc/arm-none-eabi/13.2.0/../../../../arm-none-eabi/lib/thumb/libstdc++.a(guard.o)
                0x020120ac                vtable for __gnu_cxx::__concurrence_wait_error
 .rodata._ZTSN9__gnu_cxx20recursive_init_errorE
                0x020120c0       0x23 /opt/devkitpro/devkitARM/bin/../lib/gcc/arm-none-eabi/13.2.0/../../../../arm-none-eabi/lib/thumb/libstdc++.a(guard_error.o)
                0x020120c0                typeinfo name for __gnu_cxx::recursive_init_error
 *fill*         0x020120e3        0x1 ff
 .rodata._ZTIN9__gnu_cxx20recursive_init_errorE
                0x020120e4        0xc /opt/devkitpro/devkitARM/bin/../lib/gcc/arm-none-eabi/13.2.0/../../../../arm-none-eabi/lib/thumb/libstdc++.a(guard_error.o)
                0x020120e4                typeinfo for __gnu_cxx::recursive_init_error
 .rodata._ZTVN9__gnu_cxx20recursive_init_errorE
                0x020120f0       0x14 /opt/devkitpro/devkitARM/bin/../lib/gcc/arm-none-eabi/13.2.0/../../../../arm-none-eabi/lib/thumb/libstdc++.a(guard_error.o)
                0x020120f0                vtable for __gnu_cxx::recursive_init_error
 .rodata._Unwind_VRS_Pop
                0x02012104       0x18 /opt/devkitpro/devkitARM/bin/../lib/gcc/arm-none-eabi/13.2.0/thumb/libgcc.a(unwind-arm.o)
 .rodata.__gnu_unwind_execute
                0x0201211c       0x14 /opt/devkitpro/devkitARM/bin/../lib/gcc/arm-none-eabi/13.2.0/thumb/libgcc.a(pr-support.o)
 .rodata.basefix.0
                0x02012130       0x22 /opt/devkitpro/devkitARM/bin/../lib/gcc/arm-none-eabi/13.2.0/../../../../arm-none-eabi/lib/thumb/libg.a(libc_a-svfiscanf.o)
 .rodata.str1.4
                0x02012152       0x4c /opt/devkitpro/devkitARM/bin/../lib/gcc/arm-none-eabi/13.2.0/../../../../arm-none-eabi/lib/thumb/libg.a(libc_a-locale.o)
 .rodata._mbrtowc_r.str1.4
                0x02012152        0x1 /opt/devkitpro/devkitARM/bin/../lib/gcc/arm-none-eabi/13.2.0/../../../../arm-none-eabi/lib/thumb/libg.a(libc_a-mbrtowc.o)
 *fill*         0x02012152        0x2 ff
 .rodata._ctype_
                0x02012154      0x101 /opt/devkitpro/devkitARM/bin/../lib/gcc/arm-none-eabi/13.2.0/../../../../arm-none-eabi/lib/thumb/libg.a(libc_a-ctype_.o)
                0x02012154                _ctype_